Component: ARM Compiler 5.06 (build 20) Tool: armlink [4d35a3]

==============================================================================

Section Cross References

    startup_stm32f103xe.o(STACK) refers (Special) to heapauxi.o(.text) for __use_two_region_memory
    startup_stm32f103xe.o(HEAP) refers (Special) to heapauxi.o(.text) for __use_two_region_memory
    startup_stm32f103xe.o(RESET) refers (Special) to heapauxi.o(.text) for __use_two_region_memory
    startup_stm32f103xe.o(RESET) refers to startup_stm32f103xe.o(STACK) for __initial_sp
    startup_stm32f103xe.o(RESET) refers to startup_stm32f103xe.o(.text) for Reset_Handler
    startup_stm32f103xe.o(RESET) refers to stm32f1xx_it.o(i.NMI_Handler) for NMI_Handler
    startup_stm32f103xe.o(RESET) refers to stm32f1xx_it.o(i.HardFault_Handler) for HardFault_Handler
    startup_stm32f103xe.o(RESET) refers to stm32f1xx_it.o(i.MemManage_Handler) for MemManage_Handler
    startup_stm32f103xe.o(RESET) refers to stm32f1xx_it.o(i.BusFault_Handler) for BusFault_Handler
    startup_stm32f103xe.o(RESET) refers to stm32f1xx_it.o(i.UsageFault_Handler) for UsageFault_Handler
    startup_stm32f103xe.o(RESET) refers to stm32f1xx_it.o(i.SVC_Handler) for SVC_Handler
    startup_stm32f103xe.o(RESET) refers to stm32f1xx_it.o(i.DebugMon_Handler) for DebugMon_Handler
    startup_stm32f103xe.o(RESET) refers to stm32f1xx_it.o(i.PendSV_Handler) for PendSV_Handler
    startup_stm32f103xe.o(RESET) refers to stm32f1xx_it.o(i.SysTick_Handler) for SysTick_Handler
    startup_stm32f103xe.o(RESET) refers to stm32f1xx_it.o(i.RTC_IRQHandler) for RTC_IRQHandler
    startup_stm32f103xe.o(RESET) refers to stm32f1xx_it.o(i.DMA1_Channel2_IRQHandler) for DMA1_Channel2_IRQHandler
    startup_stm32f103xe.o(RESET) refers to stm32f1xx_it.o(i.DMA1_Channel4_IRQHandler) for DMA1_Channel4_IRQHandler
    startup_stm32f103xe.o(RESET) refers to stm32f1xx_it.o(i.DMA1_Channel6_IRQHandler) for DMA1_Channel6_IRQHandler
    startup_stm32f103xe.o(RESET) refers to stm32f1xx_it.o(i.DMA1_Channel7_IRQHandler) for DMA1_Channel7_IRQHandler
    startup_stm32f103xe.o(RESET) refers to stm32f1xx_it.o(i.TIM1_UP_IRQHandler) for TIM1_UP_IRQHandler
    startup_stm32f103xe.o(RESET) refers to stm32f1xx_it.o(i.USART1_IRQHandler) for USART1_IRQHandler
    startup_stm32f103xe.o(RESET) refers to stm32f1xx_it.o(i.USART2_IRQHandler) for USART2_IRQHandler
    startup_stm32f103xe.o(RESET) refers to stm32f1xx_it.o(i.USART3_IRQHandler) for USART3_IRQHandler
    startup_stm32f103xe.o(RESET) refers to stm32f1xx_it.o(i.EXTI15_10_IRQHandler) for EXTI15_10_IRQHandler
    startup_stm32f103xe.o(.text) refers (Special) to heapauxi.o(.text) for __use_two_region_memory
    startup_stm32f103xe.o(.text) refers to system_stm32f1xx.o(i.SystemInit) for SystemInit
    startup_stm32f103xe.o(.text) refers to __main.o(!!!main) for __main
    startup_stm32f103xe.o(.text) refers to startup_stm32f103xe.o(HEAP) for Heap_Mem
    startup_stm32f103xe.o(.text) refers to startup_stm32f103xe.o(STACK) for Stack_Mem
    main.o(i.HAL_GPIO_EXTI_Callback) refers to main.o(.data) for .data
    main.o(i.HAL_RTC_GetTime_and_Date) refers to stm32f1xx_hal_rtc.o(i.HAL_RTC_GetTime) for HAL_RTC_GetTime
    main.o(i.HAL_RTC_GetTime_and_Date) refers to stm32f1xx_hal_rtc.o(i.HAL_RTC_GetDate) for HAL_RTC_GetDate
    main.o(i.HAL_RTC_GetTime_and_Date) refers to main.o(.bss) for .bss
    main.o(i.HAL_RTC_SetTime_and_Date) refers to stm32f1xx_hal_rtc.o(i.HAL_RTC_SetTime) for HAL_RTC_SetTime
    main.o(i.HAL_RTC_SetTime_and_Date) refers to stm32f1xx_hal_rtc.o(i.HAL_RTC_SetDate) for HAL_RTC_SetDate
    main.o(i.HAL_RTC_SetTime_and_Date) refers to main.o(.bss) for .bss
    main.o(i.MX_ADC1_Init) refers to stm32f1xx_hal_adc.o(i.HAL_ADC_Init) for HAL_ADC_Init
    main.o(i.MX_ADC1_Init) refers to stm32f1xx_hal_adc.o(i.HAL_ADC_ConfigChannel) for HAL_ADC_ConfigChannel
    main.o(i.MX_ADC1_Init) refers to main.o(.bss) for .bss
    main.o(i.MX_GPIO_Init) refers to stm32f1xx_hal_gpio.o(i.HAL_GPIO_WritePin) for HAL_GPIO_WritePin
    main.o(i.MX_GPIO_Init) refers to stm32f1xx_hal_gpio.o(i.HAL_GPIO_Init) for HAL_GPIO_Init
    main.o(i.MX_GPIO_Init) refers to stm32f1xx_hal_cortex.o(i.HAL_NVIC_SetPriority) for HAL_NVIC_SetPriority
    main.o(i.MX_GPIO_Init) refers to stm32f1xx_hal_cortex.o(i.HAL_NVIC_EnableIRQ) for HAL_NVIC_EnableIRQ
    main.o(i.MX_RTC_Init) refers to stm32f1xx_hal_rtc.o(i.HAL_RTC_Init) for HAL_RTC_Init
    main.o(i.MX_RTC_Init) refers to stm32f1xx_hal_rtc.o(i.HAL_RTC_SetTime) for HAL_RTC_SetTime
    main.o(i.MX_RTC_Init) refers to stm32f1xx_hal_rtc.o(i.HAL_RTC_SetDate) for HAL_RTC_SetDate
    main.o(i.MX_RTC_Init) refers to main.o(.bss) for .bss
    main.o(i.MX_SPI1_Init) refers to stm32f1xx_hal_spi.o(i.HAL_SPI_Init) for HAL_SPI_Init
    main.o(i.MX_SPI1_Init) refers to main.o(.bss) for .bss
    main.o(i.MX_SPI3_Init) refers to stm32f1xx_hal_spi.o(i.HAL_SPI_Init) for HAL_SPI_Init
    main.o(i.MX_SPI3_Init) refers to main.o(.bss) for .bss
[...]
    .constdata                               0x08006678   Section       38  _printf_fp_hex.o(.constdata)
    lc_hextab                                0x08006678   Data          19  _printf_fp_hex.o(.constdata)
    uc_hextab                                0x0800668b   Data          19  _printf_fp_hex.o(.constdata)
    .constdata                               0x080066a0   Section      148  bigflt0.o(.constdata)
    tenpwrs_x                                0x080066a0   Data          60  bigflt0.o(.constdata)
    tenpwrs_i                                0x080066dc   Data          64  bigflt0.o(.constdata)
    .conststring                             0x08006734   Section      143  main.o(.conststring)
    locale$$data                             0x080067e4   Section       28  lc_numeric_c.o(locale$$data)
    __lcnum_c_name                           0x080067e8   Data           2  lc_numeric_c.o(locale$$data)
    __lcnum_c_start                          0x080067f0   Data           0  lc_numeric_c.o(locale$$data)
    __lcnum_c_point                          0x080067fc   Data           0  lc_numeric_c.o(locale$$data)
    __lcnum_c_thousands                      0x080067fe   Data           0  lc_numeric_c.o(locale$$data)
    __lcnum_c_grouping                       0x080067ff   Data           0  lc_numeric_c.o(locale$$data)
    locale$$data                             0x08006800   Section      272  lc_ctype_c.o(locale$$data)
    __lcnum_c_end                            0x08006800   Data           0  lc_numeric_c.o(locale$$data)
    __lcctype_c_name                         0x08006804   Data           2  lc_ctype_c.o(locale$$data)
    __lcctype_c_start                        0x0800680c   Data           0  lc_ctype_c.o(locale$$data)
    __lcctype_c_end                          0x08006910   Data           0  lc_ctype_c.o(locale$$data)
    .data                                    0x20000000   Section       16  main.o(.data)
    .data                                    0x20000010   Section       12  stm32f1xx_hal.o(.data)
    .data                                    0x2000001c   Section        4  system_stm32f1xx.o(.data)
    .bss                                     0x20000020   Section    20904  main.o(.bss)
    .bss                                     0x200051c8   Section       68  main.o(.bss)
    .bss                                     0x2000520c   Section       68  main.o(.bss)
    .bss                                     0x20005250   Section       68  main.o(.bss)
    .bss                                     0x20005294   Section       68  main.o(.bss)
    .bss                                     0x200052d8   Section       96  libspace.o(.bss)
    HEAP                                     0x20005338   Section      512  startup_stm32f103xe.o(HEAP)
    Heap_Mem                                 0x20005338   Data         512  startup_stm32f103xe.o(HEAP)
    STACK                                    0x20005538   Section     1024  startup_stm32f103xe.o(STACK)
    Stack_Mem                                0x20005538   Data        1024  startup_stm32f103xe.o(STACK)
    __initial_sp                             0x20005938   Data           0  startup_stm32f103xe.o(STACK)

    Global Symbols

    Symbol Name                              Value     Ov Type        Size  Object(Section)

    BuildAttributes$$THM_ISAv4$P$D$K$B$S$PE$A:L22UL41UL21$X:L11$S22US41US21$IEEE1$IW$USESV6$~STKCKD$USESV7$~SHL$OTIME$ROPI$IEEEJ$EBA8$UX$STANDARDLIB$REQ8$PRES8$EABIv2 0x00000000   Number         0  anon$$obj.o ABSOLUTE
    __ARM_use_no_argv                        0x00000000   Number         0  main.o ABSOLUTE
    _printf_flags                            0x00000000   Number         0  printf_stubs.o ABSOLUTE
    _printf_return_value                     0x00000000   Number         0  printf_stubs.o ABSOLUTE
    _printf_sizespec                         0x00000000   Number         0  printf_stubs.o ABSOLUTE
    _printf_widthprec                        0x00000000   Number         0  printf_stubs.o ABSOLUTE
    __ARM_exceptions_init                     - Undefined Weak Reference
    __alloca_initialize                       - Undefined Weak Reference
    __arm_preinit_                            - Undefined Weak Reference
    __cpp_initialize__aeabi_                  - Undefined Weak Reference
    __cxa_finalize                            - Undefined Weak Reference
    __sigvec_lookup                           - Undefined Weak Reference
    _atexit_init                              - Undefined Weak Reference
    _call_atexit_fns                          - Undefined Weak Reference
    _clock_init                               - Undefined Weak Reference
    _fp_trap_init                             - Undefined Weak Reference
    _fp_trap_shutdown                         - Undefined Weak Reference
    _get_lc_collate                           - Undefined Weak Reference
    _get_lc_monetary                          - Undefined Weak Reference
    _get_lc_time                              - Undefined Weak Reference
    _getenv_init                              - Undefined Weak Reference
    _handle_redirection                       - Undefined Weak Reference
    _init_alloc                               - Undefined Weak Reference
    _init_user_alloc                          - Undefined Weak Reference
    _initio                                   - Undefined Weak Reference
    _printf_mbtowc                            - Undefined Weak Reference
    _printf_wc                                - Undefined Weak Reference
    _rand_init                                - Undefined Weak Reference
    _signal_finish                            - Undefined Weak Reference
    _signal_init                              - Undefined Weak Reference
    _terminate_alloc                          - Undefined Weak Reference
    _terminate_user_alloc                     - Undefined Weak Reference
    _terminateio                              - Undefined Weak Reference
    __Vectors_Size                           0x00000130   Number         0  startup_stm32f103xe.o ABSOLUTE
    __Vectors                                0x08000000   Data           4  startup_stm32f103xe.o(RESET)
    __Vectors_End                            0x08000130   Data           0  startup_stm32f103xe.o(RESET)
    __main                                   0x08000131   Thumb Code     8  __main.o(!!!main)
    __scatterload                            0x08000139   Thumb Code     0  __scatter.o(!!!scatter)
    __scatterload_rt2                        0x08000139   Thumb Code    44  __scatter.o(!!!scatter)
    __scatterload_rt2_thumb_only             0x08000139   Thumb Code     0  __scatter.o(!!!scatter)
    __scatterload_null                       0x08000147   Thumb Code     0  __scatter.o(!!!scatter)
    __scatterload_copy                       0x0800016d   Thumb Code    26  __scatter_copy.o(!!handler_copy)
    __scatterload_zeroinit                   0x08000189   Thumb Code    28  __scatter_zi.o(!!handler_zi)
    _printf_n                                0x080001a5   Thumb Code     0  _printf_n.o(.ARM.Collect$$_printf_percent$$00000001)
    _printf_percent                          0x080001a5   Thumb Code     0  _printf_percent.o(.ARM.Collect$$_printf_percent$$00000000)
    _printf_p                                0x080001ab   Thumb Code     0  _printf_p.o(.ARM.Collect$$_printf_percent$$00000002)
    _printf_f                                0x080001b1   Thumb Code     0  _printf_f.o(.ARM.Collect$$_printf_percent$$00000003)
    _printf_e                                0x080001b7   Thumb Code     0  _printf_e.o(.ARM.Collect$$_printf_percent$$00000004)
    _printf_g                                0x080001bd   Thumb Code     0  _printf_g.o(.ARM.Collect$$_printf_percent$$00000005)
    _printf_a                                0x080001c3   Thumb Code     0  _printf_a.o(.ARM.Collect$$_printf_percent$$00000006)
    _printf_ll                               0x080001c9   Thumb Code     0  _printf_ll.o(.ARM.Collect$$_printf_percent$$00000007)
    _printf_i                                0x080001d3   Thumb Code     0  _printf_i.o(.ARM.Collect$$_printf_percent$$00000008)
    _printf_d                                0x080001d9   Thumb Code     0  _printf_d.o(.ARM.Collect$$_printf_percent$$00000009)
    _printf_u                                0x080001df   Thumb Code     0  _printf_u.o(.ARM.Collect$$_printf_percent$$0000000A)
    _printf_o                                0x080001e5   Thumb Code     0  _printf_o.o(.ARM.Collect$$_printf_percent$$0000000B)
    _printf_x                                0x080001eb   Thumb Code     0  _printf_x.o(.ARM.Collect$$_printf_percent$$0000000C)
    _printf_lli                              0x080001f1   Thumb Code     0  _printf_lli.o(.ARM.Collect$$_printf_percent$$0000000D)
    _printf_lld                              0x080001f7   Thumb Code     0  _printf_lld.o(.ARM.Collect$$_printf_percent$$0000000E)
    _printf_llu                              0x080001fd   Thumb Code     0  _printf_llu.o(.ARM.Collect$$_printf_percent$$0000000F)
    _printf_llo                              0x08000203   Thumb Code     0  _printf_llo.o(.ARM.Collect$$_printf_percent$$00000010)
    _printf_llx                              0x08000209   Thumb Code     0  _printf_llx.o(.ARM.Collect$$_printf_percent$$00000011)
    _printf_l                                0x0800020f   Thumb Code     0  _printf_l.o(.ARM.Collect$$_printf_percent$$00000012)
    _printf_c                                0x08000219   Thumb Code     0  _printf_c.o(.ARM.Collect$$_printf_percent$$00000013)
    _printf_s                                0x0800021f   Thumb Code     0  _printf_s.o(.ARM.Collect$$_printf_percent$$00000014)
    _printf_lc                               0x08000225   Thumb Code     0  _printf_lc.o(.ARM.Collect$$_printf_percent$$00000015)
    _printf_ls                               0x0800022b   Thumb Code     0  _printf_ls.o(.ARM.Collect$$_printf_percent$$00000016)
    _printf_percent_end                      0x08000231   Thumb Code     0  _printf_percent_end.o(.ARM.Collect$$_printf_percent$$00000017)
    __rt_lib_init                            0x08000235   Thumb Code     0  libinit.o(.ARM.Collect$$libinit$$00000000)
    __rt_lib_init_fp_1                       0x08000237   Thumb Code     0  libinit2.o(.ARM.Collect$$libinit$$00000002)
    __rt_lib_init_heap_1                     0x08000237   Thumb Code     0  libinit2.o(.ARM.Collect$$libinit$$0000000A)
    __rt_lib_init_lc_common                  0x08000237   Thumb Code     0  libinit2.o(.ARM.Collect$$libinit$$0000000F)
    __rt_lib_init_preinit_1                  0x08000237   Thumb Code     0  libinit2.o(.ARM.Collect$$libinit$$00000004)
    __rt_lib_init_rand_1                     0x08000237   Thumb Code     0  libinit2.o(.ARM.Collect$$libinit$$0000000E)
    __rt_lib_init_user_alloc_1               0x08000237   Thumb Code     0  libinit2.o(.ARM.Collect$$libinit$$0000000C)
    __rt_lib_init_lc_collate_1               0x0800023d   Thumb Code     0  libinit2.o(.ARM.Collect$$libinit$$00000011)
    __rt_lib_init_lc_ctype_2                 0x0800023d   Thumb Code     0  libinit2.o(.ARM.Collect$$libinit$$00000012)
    __rt_lib_init_lc_ctype_1                 0x08000249   Thumb Code     0  libinit2.o(.ARM.Collect$$libinit$$00000013)
    __rt_lib_init_lc_monetary_1              0x08000249   Thumb Code     0  libinit2.o(.ARM.Collect$$libinit$$00000015)
    __rt_lib_init_lc_numeric_2               0x08000249   Thumb Code     0  libinit2.o(.ARM.Collect$$libinit$$00000016)
    __rt_lib_init_alloca_1                   0x08000253   Thumb Code     0  libinit2.o(.ARM.Collect$$libinit$$0000002E)
    __rt_lib_init_argv_1                     0x08000253   Thumb Code     0  libinit2.o(.ARM.Collect$$libinit$$0000002C)
    __rt_lib_init_atexit_1                   0x08000253   Thumb Code     0  libinit2.o(.ARM.Collect$$libinit$$0000001B)
    __rt_lib_init_clock_1                    0x08000253   Thumb Code     0  libinit2.o(.ARM.Collect$$libinit$$00000021)
    __rt_lib_init_cpp_1                      0x08000253   Thumb Code     0  libinit2.o(.ARM.Collect$$libinit$$00000032)
    __rt_lib_init_exceptions_1               0x08000253   Thumb Code     0  libinit2.o(.ARM.Collect$$libinit$$00000030)
    __rt_lib_init_fp_trap_1                  0x08000253   Thumb Code     0  libinit2.o(.ARM.Collect$$libinit$$0000001F)
    __rt_lib_init_getenv_1                   0x08000253   Thumb Code     0  libinit2.o(.ARM.Collect$$libinit$$00000023)
    __rt_lib_init_lc_numeric_1               0x08000253   Thumb Code     0  libinit2.o(.ARM.Collect$$libinit$$00000017)
    __rt_lib_init_lc_time_1                  0x08000253   Thumb Code     0  libinit2.o(.ARM.Collect$$libinit$$00000019)
    __rt_lib_init_return                     0x08000253   Thumb Code     0  libinit2.o(.ARM.Collect$$libinit$$00000033)
    __rt_lib_init_signal_1                   0x08000253   Thumb Code     0  libinit2.o(.ARM.Collect$$libinit$$0000001D)
    __rt_lib_init_stdio_1                    0x08000253   Thumb Code     0  libinit2.o(.ARM.Collect$$libinit$$00000025)
    __rt_lib_shutdown                        0x08000255   Thumb Code     0  libshutdown.o(.ARM.Collect$$libshutdown$$00000000)
    __rt_lib_shutdown_cpp_1                  0x08000257   Thumb Code     0  libshutdown2.o(.ARM.Collect$$libshutdown$$00000002)
    __rt_lib_shutdown_fp_trap_1              0x08000257   Thumb Code     0  libshutdown2.o(.ARM.Collect$$libshutdown$$00000007)
    __rt_lib_shutdown_heap_1                 0x08000257   Thumb Code     0  libshutdown2.o(.ARM.Collect$$libshutdown$$0000000F)
    __rt_lib_shutdown_return                 0x08000257   Thumb Code     0  libshutdown2.o(.ARM.Collect$$libshutdown$$00000010)
    __rt_lib_shutdown_signal_1               0x08000257   Thumb Code     0  libshutdown2.o(.ARM.Collect$$libshutdown$$0000000A)
    __rt_lib_shutdown_stdio_1                0x08000257   Thumb Code     0  libshutdown2.o(.ARM.Collect$$libshutdown$$00000004)
    __rt_lib_shutdown_user_alloc_1           0x08000257   Thumb Code     0  libshutdown2.o(.ARM.Collect$$libshutdown$$0000000C)
    __rt_entry                               0x08000259   Thumb Code     0  __rtentry.o(.ARM.Collect$$rtentry$$00000000)
    __rt_entry_presh_1                       0x08000259   Thumb Code     0  __rtentry2.o(.ARM.Collect$$rtentry$$00000002)
    __rt_entry_sh                            0x08000259   Thumb Code     0  __rtentry4.o(.ARM.Collect$$rtentry$$00000004)
    __rt_entry_li                            0x0800025f   Thumb Code     0  __rtentry2.o(.ARM.Collect$$rtentry$$0000000A)
    __rt_entry_postsh_1                      0x0800025f   Thumb Code     0  __rtentry2.o(.ARM.Collect$$rtentry$$00000009)
    __rt_entry_main                          0x08000263   Thumb Code     0  __rtentry2.o(.ARM.Collect$$rtentry$$0000000D)
    __rt_entry_postli_1                      0x08000263   Thumb Code     0  __rtentry2.o(.ARM.Collect$$rtentry$$0000000C)
    __rt_exit                                0x0800026b   Thumb Code     0  rtexit.o(.ARM.Collect$$rtexit$$00000000)
    __rt_exit_ls                             0x0800026d   Thumb Code     0  rtexit2.o(.ARM.Collect$$rtexit$$00000003)
    __rt_exit_prels_1                        0x0800026d   Thumb Code     0  rtexit2.o(.ARM.Collect$$rtexit$$00000002)
    __rt_exit_exit                           0x08000271   Thumb Code     0  rtexit2.o(.ARM.Collect$$rtexit$$00000004)
    Reset_Handler                            0x08000279   Thumb Code     8  startup_stm32f103xe.o(.text)
    ADC1_2_IRQHandler                        0x08000293   Thumb Code     0  startup_stm32f103xe.o(.text)
    ADC3_IRQHandler                          0x08000293   Thumb Code     0  startup_stm32f103xe.o(.text)
    CAN1_RX1_IRQHandler                      0x08000293   Thumb Code     0  startup_stm32f103xe.o(.text)
    CAN1_SCE_IRQHandler                      0x08000293   Thumb Code     0  startup_stm32f103xe.o(.text)
    DMA1_Channel1_IRQHandler                 0x08000293   Thumb Code     0  startup_stm32f103xe.o(.text)
    DMA1_Channel3_IRQHandler                 0x08000293   Thumb Code     0  startup_stm32f103xe.o(.text)
    DMA1_Channel5_IRQHandler                 0x08000293   Thumb Code     0  startup_stm32f103xe.o(.text)
    DMA2_Channel1_IRQHandler                 0x08000293   Thumb Code     0  startup_stm32f103xe.o(.text)
    DMA2_Channel2_IRQHandler                 0x08000293   Thumb Code     0  startup_stm32f103xe.o(.text)
    DMA2_Channel3_IRQHandler                 0x08000293   Thumb Code     0  startup_stm32f103xe.o(.text)
    DMA2_Channel4_5_IRQHandler               0x08000293   Thumb Code     0  startup_stm32f103xe.o(.text)
    EXTI0_IRQHandler                         0x08000293   Thumb Code     0  startup_stm32f103xe.o(.text)
    EXTI1_IRQHandler                         0x08000293   Thumb Code     0  startup_stm32f103xe.o(.text)
    EXTI2_IRQHandler                         0x08000293   Thumb Code     0  startup_stm32f103xe.o(.text)
    EXTI3_IRQHandler                         0x08000293   Thumb Code     0  startup_stm32f103xe.o(.text)
    EXTI4_IRQHandler                         0x08000293   Thumb Code     0  startup_stm32f103xe.o(.text)
    EXTI9_5_IRQHandler                       0x08000293   Thumb Code     0  startup_stm32f103xe.o(.text)
    FLASH_IRQHandler                         0x08000293   Thumb Code     0  startup_stm32f103xe.o(.text)
    FSMC_IRQHandler                          0x08000293   Thumb Code     0  startup_stm32f103xe.o(.text)
    I2C1_ER_IRQHandler                       0x08000293   Thumb Code     0  startup_stm32f103xe.o(.text)
    I2C1_EV_IRQHandler                       0x08000293   Thumb Code     0  startup_stm32f103xe.o(.text)
    I2C2_ER_IRQHandler                       0x08000293   Thumb Code     0  startup_stm32f103xe.o(.text)
    I2C2_EV_IRQHandler                       0x08000293   Thumb Code     0  startup_stm32f103xe.o(.text)
    PVD_IRQHandler                           0x08000293   Thumb Code     0  startup_stm32f103xe.o(.text)
    RCC_IRQHandler                           0x08000293   Thumb Code     0  startup_stm32f103xe.o(.text)
    RTC_Alarm_IRQHandler                     0x08000293   Thumb Code     0  startup_stm32f103xe.o(.text)
    SDIO_IRQHandler                          0x08000293   Thumb Code     0  startup_stm32f103xe.o(.text)
    SPI1_IRQHandler                          0x08000293   Thumb Code     0  startup_stm32f103xe.o(.text)
    SPI2_IRQHandler                          0x08000293   Thumb Code     0  startup_stm32f103xe.o(.text)
    SPI3_IRQHandler                          0x08000293   Thumb Code     0  startup_stm32f103xe.o(.text)
    TAMPER_IRQHandler                        0x08000293   Thumb Code     0  startup_stm32f103xe.o(.text)
    TIM1_BRK_IRQHandler                      0x08000293   Thumb Code     0  startup_stm32f103xe.o(.text)
    TIM1_CC_IRQHandler                       0x08000293   Thumb Code     0  startup_stm32f103xe.o(.text)
    TIM1_TRG_COM_IRQHandler                  0x08000293   Thumb Code     0  startup_stm32f103xe.o(.text)
    TIM2_IRQHandler                          0x08000293   Thumb Code     0  startup_stm32f103xe.o(.text)
    TIM3_IRQHandler                          0x08000293   Thumb Code     0  startup_stm32f103xe.o(.text)
    TIM4_IRQHandler                          0x08000293   Thumb Code     0  startup_stm32f103xe.o(.text)
    TIM5_IRQHandler                          0x08000293   Thumb Code     0  startup_stm32f103xe.o(.text)
    TIM6_IRQHandler                          0x08000293   Thumb Code     0  startup_stm32f103xe.o(.text)
    TIM7_IRQHandler                          0x08000293   Thumb Code     0  startup_stm32f103xe.o(.text)
    TIM8_BRK_IRQHandler                      0x08000293   Thumb Code     0  startup_stm32f103xe.o(.text)
    TIM8_CC_IRQHandler                       0x08000293   Thumb Code     0  startup_stm32f103xe.o(.text)
    TIM8_TRG_COM_IRQHandler                  0x08000293   Thumb Code     0  startup_stm32f103xe.o(.text)
    TIM8_UP_IRQHandler                       0x08000293   Thumb Code     0  startup_stm32f103xe.o(.text)
    UART4_IRQHandler                         0x08000293   Thumb Code     0  startup_stm32f103xe.o(.text)
    UART5_IRQHandler                         0x08000293   Thumb Code     0  startup_stm32f103xe.o(.text)
    USBWakeUp_IRQHandler                     0x08000293   Thumb Code     0  startup_stm32f103xe.o(.text)
    USB_HP_CAN1_TX_IRQHandler                0x08000293   Thumb Code     0  startup_stm32f103xe.o(.text)
    USB_LP_CAN1_RX0_IRQHandler               0x08000293   Thumb Code     0  startup_stm32f103xe.o(.text)
    WWDG_IRQHandler                          0x08000293   Thumb Code     0  startup_stm32f103xe.o(.text)
    __user_initial_stackheap                 0x08000295   Thumb Code     0  startup_stm32f103xe.o(.text)
    vsnprintf                                0x080002b9   Thumb Code    48  vsnprintf.o(.text)
    __2snprintf                              0x080002ed   Thumb Code    50  __2snprintf.o(.text)
    _printf_pre_padding                      0x08000325   Thumb Code    44  _printf_pad.o(.text)
    _printf_post_padding                     0x08000351   Thumb Code    34  _printf_pad.o(.text)
    _printf_str                              0x08000373   Thumb Code    82  _printf_str.o(.text)
    _printf_int_dec                          0x080003c5   Thumb Code   104  _printf_dec.o(.text)
    __printf                                 0x0800043d   Thumb Code   388  __printf_flags_ss_wp.o(.text)
    strrchr                                  0x080005c5   Thumb Code    22  strrchr.o(.text)
    strlen                                   0x080005db   Thumb Code    62  strlen.o(.text)
    __aeabi_memcpy                           0x08000619   Thumb Code     0  rt_memcpy_v6.o(.text)
    __rt_memcpy                              0x08000619   Thumb Code   138  rt_memcpy_v6.o(.text)
    _memcpy_lastbytes                        0x0800067f   Thumb Code     0  rt_memcpy_v6.o(.text)
    __aeabi_memcpy4                          0x080006a3   Thumb Code     0  rt_memcpy_w.o(.text)
    __aeabi_memcpy8                          0x080006a3   Thumb Code     0  rt_memcpy_w.o(.text)
    __rt_memcpy_w                            0x080006a3   Thumb Code   100  rt_memcpy_w.o(.text)
    _memcpy_lastbytes_aligned                0x080006eb   Thumb Code     0  rt_memcpy_w.o(.text)
    __aeabi_memclr4                          0x08000707   Thumb Code     0  rt_memclr_w.o(.text)
    __aeabi_memclr8                          0x08000707   Thumb Code     0  rt_memclr_w.o(.text)
    __rt_memclr_w                            0x08000707   Thumb Code    78  rt_memclr_w.o(.text)
    _memset_w                                0x0800070b   Thumb Code     0  rt_memclr_w.o(.text)
    __use_two_region_memory                  0x08000755   Thumb Code     2  heapauxi.o(.text)
    __rt_heap_escrow$2region                 0x08000757   Thumb Code     2  heapauxi.o(.text)
    __rt_heap_expand$2region                 0x08000759   Thumb Code     2  heapauxi.o(.text)
    _printf_truncate_signed                  0x0800075b   Thumb Code    18  _printf_truncate.o(.text)
    _printf_truncate_unsigned                0x0800076d   Thumb Code    18  _printf_truncate.o(.text)
    _printf_int_common                       0x0800077f   Thumb Code   178  _printf_intcommon.o(.text)
    _printf_charcount                        0x08000831   Thumb Code    40  _printf_charcount.o(.text)
    _printf_char_common                      0x08000863   Thumb Code    32  _printf_char_common.o(.text)
    _sputc                                   0x08000889   Thumb Code    10  _sputc.o(.text)
    _snputc                                  0x08000893   Thumb Code    16  _snputc.o(.text)
    _printf_cs_common                        0x080008a3   Thumb Code    20  _printf_char.o(.text)
    _printf_char                             0x080008b7   Thumb Code    16  _printf_char.o(.text)
    _printf_string                           0x080008c7   Thumb Code     8  _printf_char.o(.text)
    _printf_wctomb                           0x080008d1   Thumb Code   182  _printf_wctomb.o(.text)
    _printf_longlong_dec                     0x0800098d   Thumb Code   108  _printf_longlong_dec.o(.text)
    _printf_longlong_oct                     0x08000a09   Thumb Code    68  _printf_oct_int_ll.o(.text)
    _printf_int_oct                          0x08000a4d   Thumb Code    24  _printf_oct_int_ll.o(.text)
    _printf_ll_oct                           0x08000a65   Thumb Code    12  _printf_oct_int_ll.o(.text)
    _printf_longlong_hex                     0x08000a79   Thumb Code    86  _printf_hex_int_ll_ptr.o(.text)
    _printf_int_hex                          0x08000acf   Thumb Code    28  _printf_hex_int_ll_ptr.o(.text)
    _printf_ll_hex                           0x08000aeb   Thumb Code    12  _printf_hex_int_ll_ptr.o(.text)
    _printf_hex_ptr                          0x08000af7   Thumb Code    18  _printf_hex_int_ll_ptr.o(.text)
    _ll_udiv10                               0x08000b0d   Thumb Code   138  lludiv10.o(.text)
    __lib_sel_fp_printf                      0x08000b97   Thumb Code     2  _printf_fp_dec.o(.text)
    _printf_fp_dec_real                      0x08000d45   Thumb Code   620  _printf_fp_dec.o(.text)
    _printf_fp_hex_real                      0x08000fb1   Thumb Code   754  _printf_fp_hex.o(.text)
    _printf_lcs_common                       0x080012ad   Thumb Code    20  _printf_wchar.o(.text)
    _printf_wchar                            0x080012c1   Thumb Code    16  _printf_wchar.o(.text)
    _printf_wstring                          0x080012d1   Thumb Code     8  _printf_wchar.o(.text)
    _wcrtomb                                 0x080012d9   Thumb Code    64  _wcrtomb.o(.text)
    __user_setup_stackheap                   0x08001319   Thumb Code    74  sys_stackheap_outer.o(.text)
    __rt_ctype_table                         0x08001365   Thumb Code    16  rt_ctype_table.o(.text)
    __rt_locale                              0x08001375   Thumb Code     8  rt_locale_intlibspace.o(.text)
    _printf_fp_infnan                        0x0800137d   Thumb Code   112  _printf_fp_infnan.o(.text)
    _btod_etento                             0x080013fd   Thumb Code   216  bigflt0.o(.text)
    exit                                     0x080014d9   Thumb Code    18  exit.o(.text)
    __user_libspace                          0x080014ed   Thumb Code     8  libspace.o(.text)
    __user_perproc_libspace                  0x080014ed   Thumb Code     0  libspace.o(.text)
    __user_perthread_libspace                0x080014ed   Thumb Code     0  libspace.o(.text)
    strcmp                                   0x080014f5   Thumb Code   128  strcmpv7m.o(.text)
    _sys_exit                                0x08001575   Thumb Code     8  sys_exit.o(.text)
    __I$use$semihosting                      0x08001581   Thumb Code     0  use_no_semi.o(.text)
    __use_no_semihosting_swi                 0x08001581   Thumb Code     2  use_no_semi.o(.text)
    __semihosting_library_function           0x08001583   Thumb Code     0  indicate_semi.o(.text)
    _btod_d2e                                0x08001583   Thumb Code    62  btod.o(CL$$btod_d2e)
    _d2e_denorm_low                          0x080015c1   Thumb Code    70  btod.o(CL$$btod_d2e_denorm_low)
    _d2e_norm_op1                            0x08001607   Thumb Code    96  btod.o(CL$$btod_d2e_norm_op1)
    __btod_div_common                        0x08001667   Thumb Code   696  btod.o(CL$$btod_div_common)
    _e2e                                     0x0800199f   Thumb Code   198  btod.o(CL$$btod_e2e)
    _btod_ediv                               0x08001a65   Thumb Code    40  btod.o(CL$$btod_ediv)
    _btod_emul                               0x08001a8d   Thumb Code    40  btod.o(CL$$btod_emul)
    __btod_mult_common                       0x08001ab5   Thumb Code   580  btod.o(CL$$btod_mult_common)
    ADC_ConversionStop_Disable               0x08001cf9   Thumb Code    86  stm32f1xx_hal_adc.o(i.ADC_ConversionStop_Disable)
    BusFault_Handler                         0x08001d4f   Thumb Code     2  stm32f1xx_it.o(i.BusFault_Handler)
    DMA1_Channel2_IRQHandler                 0x08001d51   Thumb Code     6  stm32f1xx_it.o(i.DMA1_Channel2_IRQHandler)
    DMA1_Channel4_IRQHandler                 0x08001d5d   Thumb Code     6  stm32f1xx_it.o(i.DMA1_Channel4_IRQHandler)
    DMA1_Channel6_IRQHandler                 0x08001d69   Thumb Code     6  stm32f1xx_it.o(i.DMA1_Channel6_IRQHandler)
    DMA1_Channel7_IRQHandler                 0x08001d75   Thumb Code     6  stm32f1xx_it.o(i.DMA1_Channel7_IRQHandler)
    DebugMon_Handler                         0x08001dab   Thumb Code     2  stm32f1xx_it.o(i.DebugMon_Handler)
    EXTI15_10_IRQHandler                     0x08001dad   Thumb Code     8  stm32f1xx_it.o(i.EXTI15_10_IRQHandler)
    Error_Handler                            0x08001db5   Thumb Code     4  main.o(i.Error_Handler)
    HAL_ADC_ConfigChannel                    0x08001db9   Thumb Code   240  stm32f1xx_hal_adc.o(i.HAL_ADC_ConfigChannel)
    HAL_ADC_Init                             0x08001eb5   Thumb Code   276  stm32f1xx_hal_adc.o(i.HAL_ADC_Init)
    HAL_ADC_MspInit                          0x08001fd9   Thumb Code   134  stm32f1xx_hal_msp.o(i.HAL_ADC_MspInit)
    HAL_DMA_Abort                            0x08002075   Thumb Code    70  stm32f1xx_hal_dma.o(i.HAL_DMA_Abort)
    HAL_DMA_Abort_IT                         0x080020bd   Thumb Code   296  stm32f1xx_hal_dma.o(i.HAL_DMA_Abort_IT)
    HAL_DMA_IRQHandler                       0x080021ed   Thumb Code   552  stm32f1xx_hal_dma.o(i.HAL_DMA_IRQHandler)
    HAL_DMA_Init                             0x08002435   Thumb Code   112  stm32f1xx_hal_dma.o(i.HAL_DMA_Init)
    HAL_DMA_Start_IT                         0x080024b1   Thumb Code   112  stm32f1xx_hal_dma.o(i.HAL_DMA_Start_IT)
    HAL_Delay                                0x08002521   Thumb Code    32  stm32f1xx_hal.o(i.HAL_Delay)
    HAL_GPIO_EXTI_Callback                   0x08002545   Thumb Code    16  main.o(i.HAL_GPIO_EXTI_Callback)
    HAL_GPIO_EXTI_IRQHandler                 0x08002559   Thumb Code    18  stm32f1xx_hal_gpio.o(i.HAL_GPIO_EXTI_IRQHandler)
    HAL_GPIO_Init                            0x08002571   Thumb Code   462  stm32f1xx_hal_gpio.o(i.HAL_GPIO_Init)
    HAL_GPIO_WritePin                        0x08002769   Thumb Code    10  stm32f1xx_hal_gpio.o(i.HAL_GPIO_WritePin)
    HAL_GetTick                              0x08002775   Thumb Code     6  stm32f1xx_hal.o(i.HAL_GetTick)
    HAL_I2C_Init                             0x08002781   Thumb Code   376  stm32f1xx_hal_i2c.o(i.HAL_I2C_Init)
    HAL_I2C_MspInit                          0x08002909   Thumb Code    96  stm32f1xx_hal_msp.o(i.HAL_I2C_MspInit)
    HAL_IncTick                              0x08002979   Thumb Code    12  stm32f1xx_hal.o(i.HAL_IncTick)
    HAL_Init                                 0x08002989   Thumb Code    32  stm32f1xx_hal.o(i.HAL_Init)
    HAL_InitTick                             0x080029ad   Thumb Code    54  stm32f1xx_hal.o(i.HAL_InitTick)
    HAL_MspInit                              0x080029ed   Thumb Code    52  stm32f1xx_hal_msp.o(i.HAL_MspInit)
    HAL_NVIC_EnableIRQ                       0x08002a29   Thumb Code    26  stm32f1xx_hal_cortex.o(i.HAL_NVIC_EnableIRQ)
    HAL_NVIC_SetPriority                     0x08002a45   Thumb Code    60  stm32f1xx_hal_cortex.o(i.HAL_NVIC_SetPriority)
    HAL_NVIC_SetPriorityGrouping             0x08002a85   Thumb Code    26  stm32f1xx_hal_cortex.o(i.HAL_NVIC_SetPriorityGrouping)
    HAL_PWR_EnableBkUpAccess                 0x08002aa9   Thumb Code     8  stm32f1xx_hal_pwr.o(i.HAL_PWR_EnableBkUpAccess)
    HAL_RCCEx_GetPeriphCLKFreq               0x08002ab5   Thumb Code   180  stm32f1xx_hal_rcc_ex.o(i.HAL_RCCEx_GetPeriphCLKFreq)
    HAL_RCCEx_PeriphCLKConfig                0x08002b89   Thumb Code   224  stm32f1xx_hal_rcc_ex.o(i.HAL_RCCEx_PeriphCLKConfig)
    HAL_RCC_CSSCallback                      0x08002c75   Thumb Code     2  stm32f1xx_hal_rcc.o(i.HAL_RCC_CSSCallback)
    HAL_RCC_ClockConfig                      0x08002c79   Thumb Code   280  stm32f1xx_hal_rcc.o(i.HAL_RCC_ClockConfig)
    HAL_RCC_EnableCSS                        0x08002da5   Thumb Code     8  stm32f1xx_hal_rcc.o(i.HAL_RCC_EnableCSS)
    HAL_RCC_GetPCLK1Freq                     0x08002db1   Thumb Code    20  stm32f1xx_hal_rcc.o(i.HAL_RCC_GetPCLK1Freq)
    HAL_RCC_GetPCLK2Freq                     0x08002dd1   Thumb Code    20  stm32f1xx_hal_rcc.o(i.HAL_RCC_GetPCLK2Freq)
    HAL_RCC_GetSysClockFreq                  0x08002df1   Thumb Code    74  stm32f1xx_hal_rcc.o(i.HAL_RCC_GetSysClockFreq)
    HAL_RCC_NMI_IRQHandler                   0x08002e5d   Thumb Code    20  stm32f1xx_hal_rcc.o(i.HAL_RCC_NMI_IRQHandler)
    HAL_RCC_OscConfig                        0x08002e75   Thumb Code   770  stm32f1xx_hal_rcc.o(i.HAL_RCC_OscConfig)
    HAL_RTCEx_RTCEventCallback               0x0800318d   Thumb Code     2  stm32f1xx_hal_rtc_ex.o(i.HAL_RTCEx_RTCEventCallback)
    HAL_RTCEx_RTCEventErrorCallback          0x0800318f   Thumb Code     2  stm32f1xx_hal_rtc_ex.o(i.HAL_RTCEx_RTCEventErrorCallback)
    HAL_RTCEx_RTCIRQHandler                  0x08003191   Thumb Code    62  stm32f1xx_hal_rtc_ex.o(i.HAL_RTCEx_RTCIRQHandler)
    HAL_RTC_GetDate                          0x080031cf   Thumb Code    78  stm32f1xx_hal_rtc.o(i.HAL_RTC_GetDate)
    HAL_RTC_GetTime                          0x0800321d   Thumb Code   216  stm32f1xx_hal_rtc.o(i.HAL_RTC_GetTime)
    HAL_RTC_GetTime_and_Date                 0x080032f5   Thumb Code    34  main.o(i.HAL_RTC_GetTime_and_Date)
    HAL_RTC_Init                             0x0800331d   Thumb Code   154  stm32f1xx_hal_rtc.o(i.HAL_RTC_Init)
    HAL_RTC_MspInit                          0x080033bd   Thumb Code    60  stm32f1xx_hal_msp.o(i.HAL_RTC_MspInit)
    HAL_RTC_SetDate                          0x08003405   Thumb Code   192  stm32f1xx_hal_rtc.o(i.HAL_RTC_SetDate)
    HAL_RTC_SetTime                          0x080034c9   Thumb Code   168  stm32f1xx_hal_rtc.o(i.HAL_RTC_SetTime)
    HAL_RTC_WaitForSynchro                   0x08003575   Thumb Code    58  stm32f1xx_hal_rtc.o(i.HAL_RTC_WaitForSynchro)
    HAL_SPI_Init                             0x080035af   Thumb Code   178  stm32f1xx_hal_spi.o(i.HAL_SPI_Init)
    HAL_SPI_MspInit                          0x08003661   Thumb Code   194  stm32f1xx_hal_msp.o(i.HAL_SPI_MspInit)
    HAL_SPI_Receive                          0x08003739   Thumb Code   346  stm32f1xx_hal_spi.o(i.HAL_SPI_Receive)
    HAL_SPI_Transmit                         0x08003893   Thumb Code   358  stm32f1xx_hal_spi.o(i.HAL_SPI_Transmit)
    HAL_SPI_TransmitReceive                  0x080039f9   Thumb Code   482  stm32f1xx_hal_spi.o(i.HAL_SPI_TransmitReceive)
    HAL_SYSTICK_Config                       0x08003bdb   Thumb Code    40  stm32f1xx_hal_cortex.o(i.HAL_SYSTICK_Config)
    HAL_TIMEx_BreakCallback                  0x08003c03   Thumb Code     2  stm32f1xx_hal_tim_ex.o(i.HAL_TIMEx_BreakCallback)
    HAL_TIMEx_CommutCallback                 0x08003c05   Thumb Code     2  stm32f1xx_hal_tim_ex.o(i.HAL_TIMEx_CommutCallback)
    HAL_TIMEx_MasterConfigSynchronization    0x08003c09   Thumb Code   104  stm32f1xx_hal_tim_ex.o(i.HAL_TIMEx_MasterConfigSynchronization)
    HAL_TIM_Base_Init                        0x08003c85   Thumb Code    90  stm32f1xx_hal_tim.o(i.HAL_TIM_Base_Init)
    HAL_TIM_Base_MspInit                     0x08003ce1   Thumb Code    50  stm32f1xx_hal_msp.o(i.HAL_TIM_Base_MspInit)
    HAL_TIM_ConfigClockSource                0x08003d1d   Thumb Code   214  stm32f1xx_hal_tim.o(i.HAL_TIM_ConfigClockSource)
    HAL_TIM_IC_CaptureCallback               0x08003df3   Thumb Code     2  stm32f1xx_hal_tim.o(i.HAL_TIM_IC_CaptureCallback)
    HAL_TIM_IRQHandler                       0x08003df5   Thumb Code   358  stm32f1xx_hal_tim.o(i.HAL_TIM_IRQHandler)
    HAL_TIM_OC_DelayElapsedCallback          0x08003f5b   Thumb Code     2  stm32f1xx_hal_tim.o(i.HAL_TIM_OC_DelayElapsedCallback)
    HAL_TIM_PWM_PulseFinishedCallback        0x08003f5d   Thumb Code     2  stm32f1xx_hal_tim.o(i.HAL_TIM_PWM_PulseFinishedCallback)
    HAL_TIM_PeriodElapsedCallback            0x08003f5f   Thumb Code     2  stm32f1xx_hal_tim.o(i.HAL_TIM_PeriodElapsedCallback)
    HAL_TIM_TriggerCallback                  0x08003f61   Thumb Code     2  stm32f1xx_hal_tim.o(i.HAL_TIM_TriggerCallback)
    HAL_UARTEx_RxEventCallback               0x08003f63   Thumb Code     2  stm32f1xx_hal_uart.o(i.HAL_UARTEx_RxEventCallback)
    HAL_UART_ErrorCallback                   0x08003f65   Thumb Code     2  stm32f1xx_hal_uart.o(i.HAL_UART_ErrorCallback)
    HAL_UART_IRQHandler                      0x08003f69   Thumb Code   520  stm32f1xx_hal_uart.o(i.HAL_UART_IRQHandler)
    HAL_UART_Init                            0x08004175   Thumb Code    98  stm32f1xx_hal_uart.o(i.HAL_UART_Init)
    HAL_UART_MspInit                         0x080041d9   Thumb Code   534  stm32f1xx_hal_msp.o(i.HAL_UART_MspInit)
    HAL_UART_RxCpltCallback                  0x0800441d   Thumb Code     2  stm32f1xx_hal_uart.o(i.HAL_UART_RxCpltCallback)
    HAL_UART_Transmit                        0x08004421   Thumb Code   178  stm32f1xx_hal_uart.o(i.HAL_UART_Transmit)
    HAL_UART_Transmit_DMA                    0x080044d5   Thumb Code   114  stm32f1xx_hal_uart.o(i.HAL_UART_Transmit_DMA)
    HAL_UART_TxCpltCallback                  0x08004555   Thumb Code     2  stm32f1xx_hal_uart.o(i.HAL_UART_TxCpltCallback)
    HAL_UART_TxHalfCpltCallback              0x08004557   Thumb Code     2  stm32f1xx_hal_uart.o(i.HAL_UART_TxHalfCpltCallback)
    HardFault_Handler                        0x08004559   Thumb Code     2  stm32f1xx_it.o(i.HardFault_Handler)
    MemManage_Handler                        0x08004911   Thumb Code     2  stm32f1xx_it.o(i.MemManage_Handler)
    NMI_Handler                              0x08004913   Thumb Code     6  stm32f1xx_it.o(i.NMI_Handler)
    PendSV_Handler                           0x08004919   Thumb Code     2  stm32f1xx_it.o(i.PendSV_Handler)
    RTC_IRQHandler                           0x08004a5d   Thumb Code     6  stm32f1xx_it.o(i.RTC_IRQHandler)
    SVC_Handler                              0x08004c71   Thumb Code     2  stm32f1xx_it.o(i.SVC_Handler)
    SysTick_Handler                          0x08004c73   Thumb Code     4  stm32f1xx_it.o(i.SysTick_Handler)
    SystemClock_Config                       0x08004c77   Thumb Code   138  main.o(i.SystemClock_Config)
    SystemInit                               0x08004d01   Thumb Code     2  system_stm32f1xx.o(i.SystemInit)
    TIM1_UP_IRQHandler                       0x08004d05   Thumb Code     6  stm32f1xx_it.o(i.TIM1_UP_IRQHandler)
    TIM_Base_SetConfig                       0x08004d11   Thumb Code   120  stm32f1xx_hal_tim.o(i.TIM_Base_SetConfig)
    TIM_ETR_SetConfig                        0x08004d9d   Thumb Code    20  stm32f1xx_hal_tim.o(i.TIM_ETR_SetConfig)
    USART1_IRQHandler                        0x080050ad   Thumb Code     6  stm32f1xx_it.o(i.USART1_IRQHandler)
    USART2_IRQHandler                        0x080050b9   Thumb Code     6  stm32f1xx_it.o(i.USART2_IRQHandler)
    USART3_IRQHandler                        0x080050c5   Thumb Code     6  stm32f1xx_it.o(i.USART3_IRQHandler)
    UsageFault_Handler                       0x080050d1   Thumb Code     2  stm32f1xx_it.o(i.UsageFault_Handler)
    __ARM_fpclassify                         0x080050d3   Thumb Code    40  fpclassify.o(i.__ARM_fpclassify)
    _is_digit                                0x0800511b   Thumb Code    14  __printf_wp.o(i._is_digit)
    adler32                                  0x08005129   Thumb Code    48  main.o(i.adler32)
    adxl355_conversion_acc_data              0x08005159   Thumb Code    50  main.o(i.adxl355_conversion_acc_data)
    adxl355_conversion_temperature           0x08005199   Thumb Code    46  main.o(i.adxl355_conversion_temperature)
    adxl355_init                             0x080051d5   Thumb Code   380  main.o(i.adxl355_init)
    get_chip_memery_info                     0x080054e9   Thumb Code    10  main.o(i.get_chip_memery_info)
    get_chip_serial_num                      0x080054fd   Thumb Code    26  main.o(i.get_chip_serial_num)
    log_message                              0x08005521   Thumb Code   174  main.o(i.log_message)
    log_print                                0x08005605   Thumb Code    60  main.o(i.log_print)
    main                                     0x0800564d   Thumb Code   776  main.o(i.main)
    my_basename                              0x08005a89   Thumb Code    20  main.o(i.my_basename)
    spi_read_byte                            0x08005a9d   Thumb Code    74  main.o(i.spi_read_byte)
    spi_read_multipe_bytes                   0x08005af1   Thumb Code   168  main.o(i.spi_read_multipe_bytes)
    spi_write_byte                           0x08005c05   Thumb Code    70  main.o(i.spi_write_byte)
    _get_lc_numeric                          0x08005c55   Thumb Code    44  lc_numeric_c.o(locale$$code)
    _get_lc_ctype                            0x08005c81   Thumb Code    44  lc_ctype_c.o(locale$$code)
    __aeabi_d2f                              0x08005cad   Thumb Code     0  d2f.o(x$fpl$d2f)
    _d2f                                     0x08005cad   Thumb Code    98  d2f.o(x$fpl$d2f)
    __aeabi_dadd                             0x08005d11   Thumb Code     0  daddsub_clz.o(x$fpl$dadd)
    _dadd                                    0x08005d11   Thumb Code   332  daddsub_clz.o(x$fpl$dadd)
    __aeabi_ddiv                             0x08005e61   Thumb Code     0  ddiv.o(x$fpl$ddiv)
    _ddiv                                    0x08005e61   Thumb Code   552  ddiv.o(x$fpl$ddiv)
    __aeabi_i2d                              0x08006111   Thumb Code     0  dflt_clz.o(x$fpl$dflt)
    _dflt                                    0x08006111   Thumb Code    46  dflt_clz.o(x$fpl$dflt)
    __aeabi_dmul                             0x08006141   Thumb Code     0  dmul.o(x$fpl$dmul)
    _dmul                                    0x08006141   Thumb Code   332  dmul.o(x$fpl$dmul)
    __fpl_dnaninf                            0x08006295   Thumb Code   156  dnaninf.o(x$fpl$dnaninf)
    __fpl_dretinf                            0x08006331   Thumb Code    12  dretinf.o(x$fpl$dretinf)
    __aeabi_drsub                            0x0800633d   Thumb Code     0  daddsub_clz.o(x$fpl$drsb)
    _drsb                                    0x0800633d   Thumb Code    22  daddsub_clz.o(x$fpl$drsb)
    __aeabi_dsub                             0x08006355   Thumb Code     0  daddsub_clz.o(x$fpl$dsub)
    _dsub                                    0x08006355   Thumb Code   464  daddsub_clz.o(x$fpl$dsub)
    __aeabi_f2d                              0x08006529   Thumb Code     0  f2d.o(x$fpl$f2d)
    _f2d                                     0x08006529   Thumb Code    86  f2d.o(x$fpl$f2d)
    __fpl_fnaninf                            0x0800657f   Thumb Code   140  fnaninf.o(x$fpl$fnaninf)
    __fpl_fretinf                            0x0800660b   Thumb Code    10  fretinf.o(x$fpl$fretinf)
    _printf_fp_dec                           0x08006615   Thumb Code     4  printf1.o(x$fpl$printf1)
    _printf_fp_hex                           0x08006619   Thumb Code     4  printf2.o(x$fpl$printf2)
    AHBPrescTable                            0x0800661c   Data          16  system_stm32f1xx.o(.constdata)
    __I$use$fp                               0x0800661c   Number         0  usenofp.o(x$fpl$usenofp)
    APBPrescTable                            0x0800662c   Data           8  system_stm32f1xx.o(.constdata)
    Region$$Table$$Base                      0x080067c4   Number         0  anon$$obj.o(Region$$Table)
    Region$$Table$$Limit                     0x080067e4   Number         0  anon$$obj.o(Region$$Table)
    __ctype                                  0x0800680d   Data           0  lc_ctype_c.o(locale$$data)
    log_msg_len                              0x20000000   Data           2  main.o(.data)
    gpio_int_flag                            0x20000004   Data           4  main.o(.data)
    msg_len                                  0x20000008   Data           4  main.o(.data)
    int_device_memery_info                   0x2000000c   Data           4  main.o(.data)
    uwTickFreq                               0x20000010   Data           1  stm32f1xx_hal.o(.data)
    uwTickPrio                               0x20000014   Data           4  stm32f1xx_hal.o(.data)
    uwTick                                   0x20000018   Data           4  stm32f1xx_hal.o(.data)
    SystemCoreClock                          0x2000001c   Data           4  system_stm32f1xx.o(.data)
    spi_send_array                           0x20000020   Data        5000  main.o(.bss)
    spi_send_array_bak                       0x200013a8   Data        5020  main.o(.bss)
    spi_read_reg_array                       0x20002744   Data          12  main.o(.bss)
    print_msg                                0x20002750   Data         256  main.o(.bss)
    hadc1                                    0x20002850   Data          48  main.o(.bss)
    hi2c1                                    0x20002880   Data          84  main.o(.bss)
    hrtc                                     0x200028d4   Data          20  main.o(.bss)
    hspi1                                    0x200028e8   Data          88  main.o(.bss)
    hspi3                                    0x20002940   Data          88  main.o(.bss)
    htim1                                    0x20002998   Data          72  main.o(.bss)
    huart1                                   0x200029e0   Data          68  main.o(.bss)
    huart2                                   0x20002a24   Data          68  main.o(.bss)
    huart3                                   0x20002a68   Data          68  main.o(.bss)
    int_device_serial                        0x20002aac   Data          12  main.o(.bss)
    log_msg_buf                              0x20002ab8   Data        5000  main.o(.bss)
    log_msg_send                             0x20003e40   Data        5000  main.o(.bss)
    hdma_usart1_tx                           0x200051c8   Data          68  main.o(.bss)
    hdma_usart2_rx                           0x2000520c   Data          68  main.o(.bss)
    hdma_usart2_tx                           0x20005250   Data          68  main.o(.bss)
    hdma_usart3_tx                           0x20005294   Data          68  main.o(.bss)
    __libspace_start                         0x200052d8   Data          96  libspace.o(.bss)
    __temporary_stack_top$libspace           0x20005338   Data           0  libspace.o(.bss)



==============================================================================

Memory Map of the image

  Image Entry point : 0x08000131

  Load Region LR_IROM1 (Base: 0x08000000, Size: 0x00006930, Max: 0x00040000, ABSOLUTE)

    Execution Region ER_IROM1 (Exec base: 0x08000000, Load base: 0x08000000, Size: 0x00006910, Max: 0x00040000, ABSOLUTE)

    Exec Addr    Load Addr    Size         Type   Attr      Idx    E Section Name        Object

    0x08000000   0x08000000   0x00000130   Data   RO            3    RESET               startup_stm32f103xe.o
    0x08000130   0x08000130   0x00000008   Code   RO         4276  * !!!main             c_w.l(__main.o)
    0x08000138   0x08000138   0x00000034   Code   RO         4598    !!!scatter          c_w.l(__scatter.o)
    0x0800016c   0x0800016c   0x0000001a   Code   RO         4600    !!handler_copy      c_w.l(__scatter_copy.o)
    0x08000186   0x08000186   0x00000002   PAD
    0x08000188   0x08000188   0x0000001c   Code   RO         4602    !!handler_zi        c_w.l(__scatter_zi.o)
    0x080001a4   0x080001a4   0x00000000   Code   RO         4263    .ARM.Collect$$_printf_percent$$00000000  c_w.l(_printf_percent.o)
    0x080001a4   0x080001a4   0x00000006   Code   RO         4348    .ARM.Collect$$_printf_percent$$00000001  c_w.l(_printf_n.o)
    0x080001aa   0x080001aa   0x00000006   Code   RO         4350    .ARM.Collect$$_printf_percent$$00000002  c_w.l(_printf_p.o)
    0x080001b0   0x080001b0   0x00000006   Code   RO         4354    .ARM.Collect$$_printf_percent$$00000003  c_w.l(_printf_f.o)
    0x080001b6   0x080001b6   0x00000006   Code   RO         4355    .ARM.Collect$$_printf_percent$$00000004  c_w.l(_printf_e.o)
    0x080001bc   0x080001bc   0x00000006   Code   RO         4356    .ARM.Collect$$_printf_percent$$00000005  c_w.l(_printf_g.o)
    0x080001c2   0x080001c2   0x00000006   Code   RO         4357    .ARM.Collect$$_printf_percent$$00000006  c_w.l(_printf_a.o)
    0x080001c8   0x080001c8   0x0000000a   Code   RO         4362    .ARM.Collect$$_printf_percent$$00000007  c_w.l(_printf_ll.o)
    0x080001d2   0x080001d2   0x00000006   Code   RO         4352    .ARM.Collect$$_printf_percent$$00000008  c_w.l(_printf_i.o)
    0x080001d8   0x080001d8   0x00000006   Code   RO         4353    .ARM.Collect$$_printf_percent$$00000009  c_w.l(_printf_d.o)
    0x080001de   0x080001de   0x00000006   Code   RO         4262    .ARM.Collect$$_printf_percent$$0000000A  c_w.l(_printf_u.o)
    0x080001e4   0x080001e4   0x00000006   Code   RO         4351    .ARM.Collect$$_printf_percent$$0000000B  c_w.l(_printf_o.o)
    0x080001ea   0x080001ea   0x00000006   Code   RO         4349    .ARM.Collect$$_printf_percent$$0000000C  c_w.l(_printf_x.o)
    0x080001f0   0x080001f0   0x00000006   Code   RO         4359    .ARM.Collect$$_printf_percent$$0000000D  c_w.l(_printf_lli.o)
    0x080001f6   0x080001f6   0x00000006   Code   RO         4360    .ARM.Collect$$_printf_percent$$0000000E  c_w.l(_printf_lld.o)
    0x080001fc   0x080001fc   0x00000006   Code   RO         4361    .ARM.Collect$$_printf_percent$$0000000F  c_w.l(_printf_llu.o)
    0x08000202   0x08000202   0x00000006   Code   RO         4366    .ARM.Collect$$_printf_percent$$00000010  c_w.l(_printf_llo.o)
    0x08000208   0x08000208   0x00000006   Code   RO         4367    .ARM.Collect$$_printf_percent$$00000011  c_w.l(_printf_llx.o)
    0x0800020e   0x0800020e   0x0000000a   Code   RO         4363    .ARM.Collect$$_printf_percent$$00000012  c_w.l(_printf_l.o)
    0x08000218   0x08000218   0x00000006   Code   RO         4347    .ARM.Collect$$_printf_percent$$00000013  c_w.l(_printf_c.o)
    0x0800021e   0x0800021e   0x00000006   Code   RO         4261    .ARM.Collect$$_printf_percent$$00000014  c_w.l(_printf_s.o)
    0x08000224   0x08000224   0x00000006   Code   RO         4364    .ARM.Collect$$_printf_percent$$00000015  c_w.l(_printf_lc.o)
    0x0800022a   0x0800022a   0x00000006   Code   RO         4365    .ARM.Collect$$_printf_percent$$00000016  c_w.l(_printf_ls.o)
    0x08000230   0x08000230   0x00000004   Code   RO         4358    .ARM.Collect$$_printf_percent$$00000017  c_w.l(_printf_percent_end.o)
    0x08000234   0x08000234   0x00000002   Code   RO         4459    .ARM.Collect$$libinit$$00000000  c_w.l(libinit.o)
    0x08000236   0x08000236   0x00000000   Code   RO         4475    .ARM.Collect$$libinit$$00000002  c_w.l(libinit2.o)
    0x08000236   0x08000236   0x00000000   Code   RO         4477    .ARM.Collect$$libinit$$00000004  c_w.l(libinit2.o)
    0x08000236   0x08000236   0x00000000   Code   RO         4480    .ARM.Collect$$libinit$$0000000A  c_w.l(libinit2.o)
    0x08000236   0x08000236   0x00000000   Code   RO         4482    .ARM.Collect$$libinit$$0000000C  c_w.l(libinit2.o)
    0x08000236   0x08000236   0x00000000   Code   RO         4484    .ARM.Collect$$libinit$$0000000E  c_w.l(libinit2.o)
    0x08000236   0x08000236   0x00000006   Code   RO         4485    .ARM.Collect$$libinit$$0000000F  c_w.l(libinit2.o)
    0x0800023c   0x0800023c   0x00000000   Code   RO         4487    .ARM.Collect$$libinit$$00000011  c_w.l(libinit2.o)
    0x0800023c   0x0800023c   0x0000000c   Code   RO         4488    .ARM.Collect$$libinit$$00000012  c_w.l(libinit2.o)
    0x08000248   0x08000248   0x00000000   Code   RO         4489    .ARM.Collect$$libinit$$00000013  c_w.l(libinit2.o)
    0x08000248   0x08000248   0x00000000   Code   RO         4491    .ARM.Collect$$libinit$$00000015  c_w.l(libinit2.o)
    0x08000248   0x08000248   0x0000000a   Code   RO         4492    .ARM.Collect$$libinit$$00000016  c_w.l(libinit2.o)
    0x08000252   0x08000252   0x00000000   Code   RO         4493    .ARM.Collect$$libinit$$00000017  c_w.l(libinit2.o)
    0x08000252   0x08000252   0x00000000   Code   RO         4495    .ARM.Collect$$libinit$$00000019  c_w.l(libinit2.o)
    0x08000252   0x08000252   0x00000000   Code   RO         4497    .ARM.Collect$$libinit$$0000001B  c_w.l(libinit2.o)
    0x08000252   0x08000252   0x00000000   Code   RO         4499    .ARM.Collect$$libinit$$0000001D  c_w.l(libinit2.o)
    0x08000252   0x08000252   0x00000000   Code   RO         4501    .ARM.Collect$$libinit$$0000001F  c_w.l(libinit2.o)
    0x08000252   0x08000252   0x00000000   Code   RO         4503    .ARM.Collect$$libinit$$00000021  c_w.l(libinit2.o)
    0x08000252   0x08000252   0x00000000   Code   RO         4505    .ARM.Collect$$libinit$$00000023  c_w.l(libinit2.o)
    0x08000252   0x08000252   0x00000000   Code   RO         4507    .ARM.Collect$$libinit$$00000025  c_w.l(libinit2.o)
    0x08000252   0x08000252   0x00000000   Code   RO         4511    .ARM.Collect$$libinit$$0000002C  c_w.l(libinit2.o)
    0x08000252   0x08000252   0x00000000   Code   RO         4513    .ARM.Collect$$libinit$$0000002E  c_w.l(libinit2.o)
    0x08000252   0x08000252   0x00000000   Code   RO         4515    .ARM.Collect$$libinit$$00000030  c_w.l(libinit2.o)
    0x08000252   0x08000252   0x00000000   Code   RO         4517    .ARM.Collect$$libinit$$00000032  c_w.l(libinit2.o)
    0x08000252   0x08000252   0x00000002   Code   RO         4518    .ARM.Collect$$libinit$$00000033  c_w.l(libinit2.o)
    0x08000254   0x08000254   0x00000002   Code   RO         4538    .ARM.Collect$$libshutdown$$00000000  c_w.l(libshutdown.o)
    0x08000256   0x08000256   0x00000000   Code   RO         4551    .ARM.Collect$$libshutdown$$00000002  c_w.l(libshutdown2.o)
    0x08000256   0x08000256   0x00000000   Code   RO         4553    .ARM.Collect$$libshutdown$$00000004  c_w.l(libshutdown2.o)
    0x08000256   0x08000256   0x00000000   Code   RO         4556    .ARM.Collect$$libshutdown$$00000007  c_w.l(libshutdown2.o)
    0x08000256   0x08000256   0x00000000   Code   RO         4559    .ARM.Collect$$libshutdown$$0000000A  c_w.l(libshutdown2.o)
    0x08000256   0x08000256   0x00000000   Code   RO         4561    .ARM.Collect$$libshutdown$$0000000C  c_w.l(libshutdown2.o)
    0x08000256   0x08000256   0x00000000   Code   RO         4564    .ARM.Collect$$libshutdown$$0000000F  c_w.l(libshutdown2.o)
    0x08000256   0x08000256   0x00000002   Code   RO         4565    .ARM.Collect$$libshutdown$$00000010  c_w.l(libshutdown2.o)
    0x08000258   0x08000258   0x00000000   Code   RO         4300    .ARM.Collect$$rtentry$$00000000  c_w.l(__rtentry.o)
    0x08000258   0x08000258   0x00000000   Code   RO         4386    .ARM.Collect$$rtentry$$00000002  c_w.l(__rtentry2.o)
    0x08000258   0x08000258   0x00000006   Code   RO         4398    .ARM.Collect$$rtentry$$00000004  c_w.l(__rtentry4.o)
    0x0800025e   0x0800025e   0x00000000   Code   RO         4388    .ARM.Collect$$rtentry$$00000009  c_w.l(__rtentry2.o)
    0x0800025e   0x0800025e   0x00000004   Code   RO         4389    .ARM.Collect$$rtentry$$0000000A  c_w.l(__rtentry2.o)
    0x08000262   0x08000262   0x00000000   Code   RO         4391    .ARM.Collect$$rtentry$$0000000C  c_w.l(__rtentry2.o)
    0x08000262   0x08000262   0x00000008   Code   RO         4392    .ARM.Collect$$rtentry$$0000000D  c_w.l(__rtentry2.o)
    0x0800026a   0x0800026a   0x00000002   Code   RO         4467    .ARM.Collect$$rtexit$$00000000  c_w.l(rtexit.o)
    0x0800026c   0x0800026c   0x00000000   Code   RO         4520    .ARM.Collect$$rtexit$$00000002  c_w.l(rtexit2.o)
    0x0800026c   0x0800026c   0x00000004   Code   RO         4521    .ARM.Collect$$rtexit$$00000003  c_w.l(rtexit2.o)
    0x08000270   0x08000270   0x00000006   Code   RO         4522    .ARM.Collect$$rtexit$$00000004  c_w.l(rtexit2.o)
    0x08000276   0x08000276   0x00000002   PAD
    0x08000278   0x08000278   0x00000040   Code   RO            4    .text               startup_stm32f103xe.o
    0x080002b8   0x080002b8   0x00000034   Code   RO         4227    .text               c_w.l(vsnprintf.o)
    0x080002ec   0x080002ec   0x00000038   Code   RO         4229    .text               c_w.l(__2snprintf.o)
    0x08000324   0x08000324   0x0000004e   Code   RO         4235    .text               c_w.l(_printf_pad.o)
    0x08000372   0x08000372   0x00000052   Code   RO         4237    .text               c_w.l(_printf_str.o)
    0x080003c4   0x080003c4   0x00000078   Code   RO         4239    .text               c_w.l(_printf_dec.o)
    0x0800043c   0x0800043c   0x00000188   Code   RO         4258    .text               c_w.l(__printf_flags_ss_wp.o)
    0x080005c4   0x080005c4   0x00000016   Code   RO         4264    .text               c_w.l(strrchr.o)
    0x080005da   0x080005da   0x0000003e   Code   RO         4266    .text               c_w.l(strlen.o)
    0x08000618   0x08000618   0x0000008a   Code   RO         4268    .text               c_w.l(rt_memcpy_v6.o)
    0x080006a2   0x080006a2   0x00000064   Code   RO         4270    .text               c_w.l(rt_memcpy_w.o)
    0x08000706   0x08000706   0x0000004e   Code   RO         4272    .text               c_w.l(rt_memclr_w.o)
    0x08000754   0x08000754   0x00000006   Code   RO         4274    .text               c_w.l(heapauxi.o)
    0x0800075a   0x0800075a   0x00000024   Code   RO         4301    .text               c_w.l(_printf_truncate.o)
    0x0800077e   0x0800077e   0x000000b2   Code   RO         4303    .text               c_w.l(_printf_intcommon.o)
    0x08000830   0x08000830   0x00000028   Code   RO         4305    .text               c_w.l(_printf_charcount.o)
    0x08000858   0x08000858   0x00000030   Code   RO         4307    .text               c_w.l(_printf_char_common.o)
    0x08000888   0x08000888   0x0000000a   Code   RO         4309    .text               c_w.l(_sputc.o)
    0x08000892   0x08000892   0x00000010   Code   RO         4311    .text               c_w.l(_snputc.o)
    0x080008a2   0x080008a2   0x0000002c   Code   RO         4313    .text               c_w.l(_printf_char.o)
    0x080008ce   0x080008ce   0x00000002   PAD
    0x080008d0   0x080008d0   0x000000bc   Code   RO         4315    .text               c_w.l(_printf_wctomb.o)
    0x0800098c   0x0800098c   0x0000007c   Code   RO         4318    .text               c_w.l(_printf_longlong_dec.o)
    0x08000a08   0x08000a08   0x00000070   Code   RO         4324    .text               c_w.l(_printf_oct_int_ll.o)
    0x08000a78   0x08000a78   0x00000094   Code   RO         4344    .text               c_w.l(_printf_hex_int_ll_ptr.o)
    0x08000b0c   0x08000b0c   0x0000008a   Code   RO         4400    .text               c_w.l(lludiv10.o)
    0x08000b96   0x08000b96   0x0000041a   Code   RO         4402    .text               c_w.l(_printf_fp_dec.o)
    0x08000fb0   0x08000fb0   0x000002fc   Code   RO         4404    .text               c_w.l(_printf_fp_hex.o)
    0x080012ac   0x080012ac   0x0000002c   Code   RO         4409    .text               c_w.l(_printf_wchar.o)
    0x080012d8   0x080012d8   0x00000040   Code   RO         4411    .text               c_w.l(_wcrtomb.o)
    0x08001318   0x08001318   0x0000004a   Code   RO         4413    .text               c_w.l(sys_stackheap_outer.o)
    0x08001362   0x08001362   0x00000002   PAD
    0x08001364   0x08001364   0x00000010   Code   RO         4415    .text               c_w.l(rt_ctype_table.o)
    0x08001374   0x08001374   0x00000008   Code   RO         4420    .text               c_w.l(rt_locale_intlibspace.o)
    0x0800137c   0x0800137c   0x00000080   Code   RO         4422    .text               c_w.l(_printf_fp_infnan.o)
    0x080013fc   0x080013fc   0x000000dc   Code   RO         4424    .text               c_w.l(bigflt0.o)
    0x080014d8   0x080014d8   0x00000012   Code   RO         4452    .text               c_w.l(exit.o)
    0x080014ea   0x080014ea   0x00000002   PAD
    0x080014ec   0x080014ec   0x00000008   Code   RO         4464    .text               c_w.l(libspace.o)
    0x080014f4   0x080014f4   0x00000080   Code   RO         4472    .text               c_w.l(strcmpv7m.o)
    0x08001574   0x08001574   0x0000000c   Code   RO         4530    .text               c_w.l(sys_exit.o)
    0x08001580   0x08001580   0x00000002   Code   RO         4541    .text               c_w.l(use_no_semi.o)
    0x08001582   0x08001582   0x00000000   Code   RO         4543    .text               c_w.l(indicate_semi.o)
    0x08001582   0x08001582   0x0000003e   Code   RO         4427    CL$$btod_d2e        c_w.l(btod.o)
    0x080015c0   0x080015c0   0x00000046   Code   RO         4429    CL$$btod_d2e_denorm_low  c_w.l(btod.o)
    0x08001606   0x08001606   0x00000060   Code   RO         4428    CL$$btod_d2e_norm_op1  c_w.l(btod.o)
    0x08001666   0x08001666   0x00000338   Code   RO         4437    CL$$btod_div_common  c_w.l(btod.o)
    0x0800199e   0x0800199e   0x000000c6   Code   RO         4434    CL$$btod_e2e        c_w.l(btod.o)
    0x08001a64   0x08001a64   0x00000028   Code   RO         4431    CL$$btod_ediv       c_w.l(btod.o)
    0x08001a8c   0x08001a8c   0x00000028   Code   RO         4430    CL$$btod_emul       c_w.l(btod.o)
    0x08001ab4   0x08001ab4   0x00000244   Code   RO         4436    CL$$btod_mult_common  c_w.l(btod.o)
    0x08001cf8   0x08001cf8   0x00000056   Code   RO          581    i.ADC_ConversionStop_Disable  stm32f1xx_hal_adc.o
    0x08001d4e   0x08001d4e   0x00000002   Code   RO          305    i.BusFault_Handler  stm32f1xx_it.o
    0x08001d50   0x08001d50   0x0000000c   Code   RO          306    i.DMA1_Channel2_IRQHandler  stm32f1xx_it.o
    0x08001d5c   0x08001d5c   0x0000000c   Code   RO          307    i.DMA1_Channel4_IRQHandler  stm32f1xx_it.o
    0x08001d68   0x08001d68   0x0000000c   Code   RO          308    i.DMA1_Channel6_IRQHandler  stm32f1xx_it.o
    0x08001d74   0x08001d74   0x0000000c   Code   RO          309    i.DMA1_Channel7_IRQHandler  stm32f1xx_it.o
    0x08001d80   0x08001d80   0x0000002a   Code   RO         1235    i.DMA_SetConfig     stm32f1xx_hal_dma.o
    0x08001daa   0x08001daa   0x00000002   Code   RO          310    i.DebugMon_Handler  stm32f1xx_it.o
    0x08001dac   0x08001dac   0x00000008   Code   RO          311    i.EXTI15_10_IRQHandler  stm32f1xx_it.o
    0x08001db4   0x08001db4   0x00000004   Code   RO           13    i.Error_Handler     main.o
    0x08001db8   0x08001db8   0x000000fc   Code   RO          587    i.HAL_ADC_ConfigChannel  stm32f1xx_hal_adc.o
    0x08001eb4   0x08001eb4   0x00000124   Code   RO          596    i.HAL_ADC_Init      stm32f1xx_hal_adc.o
    0x08001fd8   0x08001fd8   0x0000009c   Code   RO          449    i.HAL_ADC_MspInit   stm32f1xx_hal_msp.o
    0x08002074   0x08002074   0x00000046   Code   RO         1236    i.HAL_DMA_Abort     stm32f1xx_hal_dma.o
    0x080020ba   0x080020ba   0x00000002   PAD
    0x080020bc   0x080020bc   0x00000130   Code   RO         1237    i.HAL_DMA_Abort_IT  stm32f1xx_hal_dma.o
    0x080021ec   0x080021ec   0x00000248   Code   RO         1241    i.HAL_DMA_IRQHandler  stm32f1xx_hal_dma.o
    0x08002434   0x08002434   0x0000007c   Code   RO         1242    i.HAL_DMA_Init      stm32f1xx_hal_dma.o
    0x080024b0   0x080024b0   0x00000070   Code   RO         1246    i.HAL_DMA_Start_IT  stm32f1xx_hal_dma.o
    0x08002520   0x08002520   0x00000024   Code   RO          864    i.HAL_Delay         stm32f1xx_hal.o
    0x08002544   0x08002544   0x00000014   Code   RO           14    i.HAL_GPIO_EXTI_Callback  main.o
    0x08002558   0x08002558   0x00000018   Code   RO         1171    i.HAL_GPIO_EXTI_IRQHandler  stm32f1xx_hal_gpio.o
    0x08002570   0x08002570   0x000001f8   Code   RO         1172    i.HAL_GPIO_Init     stm32f1xx_hal_gpio.o
    0x08002768   0x08002768   0x0000000a   Code   RO         1176    i.HAL_GPIO_WritePin  stm32f1xx_hal_gpio.o
    0x08002772   0x08002772   0x00000002   PAD
    0x08002774   0x08002774   0x0000000c   Code   RO          868    i.HAL_GetTick       stm32f1xx_hal.o
    0x08002780   0x08002780   0x00000188   Code   RO         1843    i.HAL_I2C_Init      stm32f1xx_hal_i2c.o
    0x08002908   0x08002908   0x00000070   Code   RO          451    i.HAL_I2C_MspInit   stm32f1xx_hal_msp.o
    0x08002978   0x08002978   0x00000010   Code   RO          874    i.HAL_IncTick       stm32f1xx_hal.o
    0x08002988   0x08002988   0x00000024   Code   RO          875    i.HAL_Init          stm32f1xx_hal.o
    0x080029ac   0x080029ac   0x00000040   Code   RO          876    i.HAL_InitTick      stm32f1xx_hal.o
    0x080029ec   0x080029ec   0x0000003c   Code   RO          452    i.HAL_MspInit       stm32f1xx_hal_msp.o
    0x08002a28   0x08002a28   0x0000001a   Code   RO         1332    i.HAL_NVIC_EnableIRQ  stm32f1xx_hal_cortex.o
    0x08002a42   0x08002a42   0x00000002   PAD
    0x08002a44   0x08002a44   0x00000040   Code   RO         1338    i.HAL_NVIC_SetPriority  stm32f1xx_hal_cortex.o
    0x08002a84   0x08002a84   0x00000024   Code   RO         1339    i.HAL_NVIC_SetPriorityGrouping  stm32f1xx_hal_cortex.o
    0x08002aa8   0x08002aa8   0x0000000c   Code   RO         1454    i.HAL_PWR_EnableBkUpAccess  stm32f1xx_hal_pwr.o
    0x08002ab4   0x08002ab4   0x000000d4   Code   RO         1134    i.HAL_RCCEx_GetPeriphCLKFreq  stm32f1xx_hal_rcc_ex.o
    0x08002b88   0x08002b88   0x000000ec   Code   RO         1135    i.HAL_RCCEx_PeriphCLKConfig  stm32f1xx_hal_rcc_ex.o
    0x08002c74   0x08002c74   0x00000002   Code   RO         1031    i.HAL_RCC_CSSCallback  stm32f1xx_hal_rcc.o
    0x08002c76   0x08002c76   0x00000002   PAD
    0x08002c78   0x08002c78   0x0000012c   Code   RO         1032    i.HAL_RCC_ClockConfig  stm32f1xx_hal_rcc.o
    0x08002da4   0x08002da4   0x0000000c   Code   RO         1035    i.HAL_RCC_EnableCSS  stm32f1xx_hal_rcc.o
    0x08002db0   0x08002db0   0x00000020   Code   RO         1039    i.HAL_RCC_GetPCLK1Freq  stm32f1xx_hal_rcc.o
    0x08002dd0   0x08002dd0   0x00000020   Code   RO         1040    i.HAL_RCC_GetPCLK2Freq  stm32f1xx_hal_rcc.o
    0x08002df0   0x08002df0   0x0000006c   Code   RO         1041    i.HAL_RCC_GetSysClockFreq  stm32f1xx_hal_rcc.o
    0x08002e5c   0x08002e5c   0x00000018   Code   RO         1043    i.HAL_RCC_NMI_IRQHandler  stm32f1xx_hal_rcc.o
    0x08002e74   0x08002e74   0x00000318   Code   RO         1044    i.HAL_RCC_OscConfig  stm32f1xx_hal_rcc.o
    0x0800318c   0x0800318c   0x00000002   Code   RO         2439    i.HAL_RTCEx_RTCEventCallback  stm32f1xx_hal_rtc_ex.o
    0x0800318e   0x0800318e   0x00000002   Code   RO         2440    i.HAL_RTCEx_RTCEventErrorCallback  stm32f1xx_hal_rtc_ex.o
    0x08003190   0x08003190   0x0000003e   Code   RO         2441    i.HAL_RTCEx_RTCIRQHandler  stm32f1xx_hal_rtc_ex.o
    0x080031ce   0x080031ce   0x0000004e   Code   RO         2269    i.HAL_RTC_GetDate   stm32f1xx_hal_rtc.o
    0x0800321c   0x0800321c   0x000000d8   Code   RO         2271    i.HAL_RTC_GetTime   stm32f1xx_hal_rtc.o
    0x080032f4   0x080032f4   0x00000028   Code   RO           15    i.HAL_RTC_GetTime_and_Date  main.o
    0x0800331c   0x0800331c   0x000000a0   Code   RO         2272    i.HAL_RTC_Init      stm32f1xx_hal_rtc.o
    0x080033bc   0x080033bc   0x00000048   Code   RO          454    i.HAL_RTC_MspInit   stm32f1xx_hal_msp.o
    0x08003404   0x08003404   0x000000c4   Code   RO         2278    i.HAL_RTC_SetDate   stm32f1xx_hal_rtc.o
    0x080034c8   0x080034c8   0x000000ac   Code   RO         2279    i.HAL_RTC_SetTime   stm32f1xx_hal_rtc.o
    0x08003574   0x08003574   0x0000003a   Code   RO         2280    i.HAL_RTC_WaitForSynchro  stm32f1xx_hal_rtc.o
    0x080035ae   0x080035ae   0x000000b2   Code   RO         2547    i.HAL_SPI_Init      stm32f1xx_hal_spi.o
    0x08003660   0x08003660   0x000000d8   Code   RO          456    i.HAL_SPI_MspInit   stm32f1xx_hal_msp.o
    0x08003738   0x08003738   0x0000015a   Code   RO         2550    i.HAL_SPI_Receive   stm32f1xx_hal_spi.o
    0x08003892   0x08003892   0x00000166   Code   RO         2555    i.HAL_SPI_Transmit  stm32f1xx_hal_spi.o
    0x080039f8   0x080039f8   0x000001e2   Code   RO         2556    i.HAL_SPI_TransmitReceive  stm32f1xx_hal_spi.o
    0x08003bda   0x08003bda   0x00000028   Code   RO         1343    i.HAL_SYSTICK_Config  stm32f1xx_hal_cortex.o
    0x08003c02   0x08003c02   0x00000002   Code   RO         3564    i.HAL_TIMEx_BreakCallback  stm32f1xx_hal_tim_ex.o
    0x08003c04   0x08003c04   0x00000002   Code   RO         3565    i.HAL_TIMEx_CommutCallback  stm32f1xx_hal_tim_ex.o
    0x08003c06   0x08003c06   0x00000002   PAD
    0x08003c08   0x08003c08   0x0000007c   Code   RO         3583    i.HAL_TIMEx_MasterConfigSynchronization  stm32f1xx_hal_tim_ex.o
    0x08003c84   0x08003c84   0x0000005a   Code   RO         2860    i.HAL_TIM_Base_Init  stm32f1xx_hal_tim.o
    0x08003cde   0x08003cde   0x00000002   PAD
    0x08003ce0   0x08003ce0   0x0000003c   Code   RO          458    i.HAL_TIM_Base_MspInit  stm32f1xx_hal_msp.o
    0x08003d1c   0x08003d1c   0x000000d6   Code   RO         2869    i.HAL_TIM_ConfigClockSource  stm32f1xx_hal_tim.o
    0x08003df2   0x08003df2   0x00000002   Code   RO         2894    i.HAL_TIM_IC_CaptureCallback  stm32f1xx_hal_tim.o
    0x08003df4   0x08003df4   0x00000166   Code   RO         2908    i.HAL_TIM_IRQHandler  stm32f1xx_hal_tim.o
    0x08003f5a   0x08003f5a   0x00000002   Code   RO         2911    i.HAL_TIM_OC_DelayElapsedCallback  stm32f1xx_hal_tim.o
    0x08003f5c   0x08003f5c   0x00000002   Code   RO         2938    i.HAL_TIM_PWM_PulseFinishedCallback  stm32f1xx_hal_tim.o
    0x08003f5e   0x08003f5e   0x00000002   Code   RO         2946    i.HAL_TIM_PeriodElapsedCallback  stm32f1xx_hal_tim.o
    0x08003f60   0x08003f60   0x00000002   Code   RO         2951    i.HAL_TIM_TriggerCallback  stm32f1xx_hal_tim.o
    0x08003f62   0x08003f62   0x00000002   Code   RO         3842    i.HAL_UARTEx_RxEventCallback  stm32f1xx_hal_uart.o
    0x08003f64   0x08003f64   0x00000002   Code   RO         3856    i.HAL_UART_ErrorCallback  stm32f1xx_hal_uart.o
    0x08003f66   0x08003f66   0x00000002   PAD
    0x08003f68   0x08003f68   0x0000020c   Code   RO         3859    i.HAL_UART_IRQHandler  stm32f1xx_hal_uart.o
    0x08004174   0x08004174   0x00000062   Code   RO         3860    i.HAL_UART_Init     stm32f1xx_hal_uart.o
    0x080041d6   0x080041d6   0x00000002   PAD
    0x080041d8   0x080041d8   0x00000244   Code   RO          460    i.HAL_UART_MspInit  stm32f1xx_hal_msp.o
    0x0800441c   0x0800441c   0x00000002   Code   RO         3866    i.HAL_UART_RxCpltCallback  stm32f1xx_hal_uart.o
    0x0800441e   0x0800441e   0x00000002   PAD
    0x08004420   0x08004420   0x000000b2   Code   RO         3868    i.HAL_UART_Transmit  stm32f1xx_hal_uart.o
    0x080044d2   0x080044d2   0x00000002   PAD
    0x080044d4   0x080044d4   0x00000080   Code   RO         3869    i.HAL_UART_Transmit_DMA  stm32f1xx_hal_uart.o
    0x08004554   0x08004554   0x00000002   Code   RO         3871    i.HAL_UART_TxCpltCallback  stm32f1xx_hal_uart.o
    0x08004556   0x08004556   0x00000002   Code   RO         3872    i.HAL_UART_TxHalfCpltCallback  stm32f1xx_hal_uart.o
    0x08004558   0x08004558   0x00000002   Code   RO          312    i.HardFault_Handler  stm32f1xx_it.o
    0x0800455a   0x0800455a   0x00000002   PAD
    0x0800455c   0x0800455c   0x00000050   Code   RO           17    i.MX_ADC1_Init      main.o
    0x080045ac   0x080045ac   0x00000214   Code   RO           18    i.MX_GPIO_Init      main.o
    0x080047c0   0x080047c0   0x0000006c   Code   RO           19    i.MX_RTC_Init       main.o
    0x0800482c   0x0800482c   0x00000044   Code   RO           20    i.MX_SPI1_Init      main.o
    0x08004870   0x08004870   0x00000038   Code   RO           21    i.MX_SPI3_Init      main.o
    0x080048a8   0x080048a8   0x00000068   Code   RO           22    i.MX_TIM1_Init      main.o
    0x08004910   0x08004910   0x00000002   Code   RO          313    i.MemManage_Handler  stm32f1xx_it.o
    0x08004912   0x08004912   0x00000006   Code   RO          314    i.NMI_Handler       stm32f1xx_it.o
    0x08004918   0x08004918   0x00000002   Code   RO          315    i.PendSV_Handler    stm32f1xx_it.o
    0x0800491a   0x0800491a   0x00000012   Code   RO         2281    i.RTC_Bcd2ToByte    stm32f1xx_hal_rtc.o
    0x0800492c   0x0800492c   0x00000016   Code   RO         2282    i.RTC_ByteToBcd2    stm32f1xx_hal_rtc.o
    0x08004942   0x08004942   0x000000ae   Code   RO         2283    i.RTC_DateUpdate    stm32f1xx_hal_rtc.o
    0x080049f0   0x080049f0   0x00000034   Code   RO         2284    i.RTC_EnterInitMode  stm32f1xx_hal_rtc.o
    0x08004a24   0x08004a24   0x00000036   Code   RO         2285    i.RTC_ExitInitMode  stm32f1xx_hal_rtc.o
    0x08004a5a   0x08004a5a   0x00000002   PAD
    0x08004a5c   0x08004a5c   0x0000000c   Code   RO          316    i.RTC_IRQHandler    stm32f1xx_it.o
    0x08004a68   0x08004a68   0x0000000e   Code   RO         2286    i.RTC_ReadAlarmCounter  stm32f1xx_hal_rtc.o
    0x08004a76   0x08004a76   0x00000020   Code   RO         2287    i.RTC_ReadTimeCounter  stm32f1xx_hal_rtc.o
    0x08004a96   0x08004a96   0x00000056   Code   RO         2288    i.RTC_WeekDayNum    stm32f1xx_hal_rtc.o
    0x08004aec   0x08004aec   0x00000028   Code   RO         2289    i.RTC_WriteAlarmCounter  stm32f1xx_hal_rtc.o
    0x08004b14   0x08004b14   0x00000028   Code   RO         2290    i.RTC_WriteTimeCounter  stm32f1xx_hal_rtc.o
    0x08004b3c   0x08004b3c   0x0000005c   Code   RO         2584    i.SPI_EndRxTransaction  stm32f1xx_hal_spi.o
    0x08004b98   0x08004b98   0x00000020   Code   RO         2585    i.SPI_EndRxTxTransaction  stm32f1xx_hal_spi.o
    0x08004bb8   0x08004bb8   0x000000b8   Code   RO         2590    i.SPI_WaitFlagStateUntilTimeout  stm32f1xx_hal_spi.o
    0x08004c70   0x08004c70   0x00000002   Code   RO          317    i.SVC_Handler       stm32f1xx_it.o
    0x08004c72   0x08004c72   0x00000004   Code   RO          318    i.SysTick_Handler   stm32f1xx_it.o
    0x08004c76   0x08004c76   0x0000008a   Code   RO           23    i.SystemClock_Config  main.o
    0x08004d00   0x08004d00   0x00000002   Code   RO         4189    i.SystemInit        system_stm32f1xx.o
    0x08004d02   0x08004d02   0x00000002   PAD
    0x08004d04   0x08004d04   0x0000000c   Code   RO          319    i.TIM1_UP_IRQHandler  stm32f1xx_it.o
    0x08004d10   0x08004d10   0x0000008c   Code   RO         2953    i.TIM_Base_SetConfig  stm32f1xx_hal_tim.o
    0x08004d9c   0x08004d9c   0x00000014   Code   RO         2964    i.TIM_ETR_SetConfig  stm32f1xx_hal_tim.o
    0x08004db0   0x08004db0   0x00000010   Code   RO         2965    i.TIM_ITRx_SetConfig  stm32f1xx_hal_tim.o
    0x08004dc0   0x08004dc0   0x00000022   Code   RO         2971    i.TIM_TI1_ConfigInputStage  stm32f1xx_hal_tim.o
    0x08004de2   0x08004de2   0x00000024   Code   RO         2973    i.TIM_TI2_ConfigInputStage  stm32f1xx_hal_tim.o
    0x08004e06   0x08004e06   0x00000010   Code   RO         3873    i.UART_DMAAbortOnError  stm32f1xx_hal_uart.o
    0x08004e16   0x08004e16   0x0000004a   Code   RO         3874    i.UART_DMAError     stm32f1xx_hal_uart.o
    0x08004e60   0x08004e60   0x0000002e   Code   RO         3879    i.UART_DMATransmitCplt  stm32f1xx_hal_uart.o
    0x08004e8e   0x08004e8e   0x0000000a   Code   RO         3881    i.UART_DMATxHalfCplt  stm32f1xx_hal_uart.o
    0x08004e98   0x08004e98   0x00000030   Code   RO         3883    i.UART_EndRxTransfer  stm32f1xx_hal_uart.o
    0x08004ec8   0x08004ec8   0x00000012   Code   RO         3884    i.UART_EndTxTransfer  stm32f1xx_hal_uart.o
    0x08004eda   0x08004eda   0x000000b6   Code   RO         3885    i.UART_Receive_IT   stm32f1xx_hal_uart.o
    0x08004f90   0x08004f90   0x000000b8   Code   RO         3886    i.UART_SetConfig    stm32f1xx_hal_uart.o
    0x08005048   0x08005048   0x00000064   Code   RO         3889    i.UART_WaitOnFlagUntilTimeout  stm32f1xx_hal_uart.o
    0x080050ac   0x080050ac   0x0000000c   Code   RO          320    i.USART1_IRQHandler  stm32f1xx_it.o
    0x080050b8   0x080050b8   0x0000000c   Code   RO          321    i.USART2_IRQHandler  stm32f1xx_it.o
    0x080050c4   0x080050c4   0x0000000c   Code   RO          322    i.USART3_IRQHandler  stm32f1xx_it.o
    0x080050d0   0x080050d0   0x00000002   Code   RO          323    i.UsageFault_Handler  stm32f1xx_it.o
    0x080050d2   0x080050d2   0x00000028   Code   RO         4462    i.__ARM_fpclassify  m_ws.l(fpclassify.o)
    0x080050fa   0x080050fa   0x00000020   Code   RO         1345    i.__NVIC_SetPriority  stm32f1xx_hal_cortex.o
    0x0800511a   0x0800511a   0x0000000e   Code   RO         4251    i._is_digit         c_w.l(__printf_wp.o)
    0x08005128   0x08005128   0x00000030   Code   RO           24    i.adler32           main.o
    0x08005158   0x08005158   0x00000040   Code   RO           25    i.adxl355_conversion_acc_data  main.o
    0x08005198   0x08005198   0x0000003c   Code   RO           26    i.adxl355_conversion_temperature  main.o
    0x080051d4   0x080051d4   0x00000314   Code   RO           27    i.adxl355_init      main.o
    0x080054e8   0x080054e8   0x00000014   Code   RO           28    i.get_chip_memery_info  main.o
    0x080054fc   0x080054fc   0x00000024   Code   RO           29    i.get_chip_serial_num  main.o
    0x08005520   0x08005520   0x000000e4   Code   RO           31    i.log_message       main.o
    0x08005604   0x08005604   0x00000048   Code   RO           32    i.log_print         main.o
    0x0800564c   0x0800564c   0x0000043c   Code   RO           33    i.main              main.o
    0x08005a88   0x08005a88   0x00000014   Code   RO           34    i.my_basename       main.o
    0x08005a9c   0x08005a9c   0x00000054   Code   RO           35    i.spi_read_byte     main.o
    0x08005af0   0x08005af0   0x00000114   Code   RO           36    i.spi_read_multipe_bytes  main.o
    0x08005c04   0x08005c04   0x00000050   Code   RO           37    i.spi_write_byte    main.o
    0x08005c54   0x08005c54   0x0000002c   Code   RO         4450    locale$$code        c_w.l(lc_numeric_c.o)
    0x08005c80   0x08005c80   0x0000002c   Code   RO         4470    locale$$code        c_w.l(lc_ctype_c.o)
    0x08005cac   0x08005cac   0x00000062   Code   RO         4278    x$fpl$d2f           fz_ws.l(d2f.o)
    0x08005d0e   0x08005d0e   0x00000002   PAD
    0x08005d10   0x08005d10   0x00000150   Code   RO         4280    x$fpl$dadd          fz_ws.l(daddsub_clz.o)
    0x08005e60   0x08005e60   0x000002b0   Code   RO         4287    x$fpl$ddiv          fz_ws.l(ddiv.o)
    0x08006110   0x08006110   0x0000002e   Code   RO         4291    x$fpl$dflt          fz_ws.l(dflt_clz.o)
    0x0800613e   0x0800613e   0x00000002   PAD
    0x08006140   0x08006140   0x00000154   Code   RO         4296    x$fpl$dmul          fz_ws.l(dmul.o)
    0x08006294   0x08006294   0x0000009c   Code   RO         4368    x$fpl$dnaninf       fz_ws.l(dnaninf.o)
    0x08006330   0x08006330   0x0000000c   Code   RO         4370    x$fpl$dretinf       fz_ws.l(dretinf.o)
    0x0800633c   0x0800633c   0x00000016   Code   RO         4281    x$fpl$drsb          fz_ws.l(daddsub_clz.o)
    0x08006352   0x08006352   0x00000002   PAD
    0x08006354   0x08006354   0x000001d4   Code   RO         4282    x$fpl$dsub          fz_ws.l(daddsub_clz.o)
    0x08006528   0x08006528   0x00000056   Code   RO         4298    x$fpl$f2d           fz_ws.l(f2d.o)
    0x0800657e   0x0800657e   0x0000008c   Code   RO         4372    x$fpl$fnaninf       fz_ws.l(fnaninf.o)
    0x0800660a   0x0800660a   0x0000000a   Code   RO         4374    x$fpl$fretinf       fz_ws.l(fretinf.o)
    0x08006614   0x08006614   0x00000004   Code   RO         4376    x$fpl$printf1       fz_ws.l(printf1.o)
    0x08006618   0x08006618   0x00000004   Code   RO         4378    x$fpl$printf2       fz_ws.l(printf2.o)
    0x0800661c   0x0800661c   0x00000000   Code   RO         4384    x$fpl$usenofp       fz_ws.l(usenofp.o)
    0x0800661c   0x0800661c   0x00000010   Data   RO         4190    .constdata          system_stm32f1xx.o
    0x0800662c   0x0800662c   0x00000008   Data   RO         4191    .constdata          system_stm32f1xx.o
    0x08006634   0x08006634   0x00000011   Data   RO         4259    .constdata          c_w.l(__printf_flags_ss_wp.o)
    0x08006645   0x08006645   0x00000003   PAD
    0x08006648   0x08006648   0x00000008   Data   RO         4316    .constdata          c_w.l(_printf_wctomb.o)
    0x08006650   0x08006650   0x00000028   Data   RO         4345    .constdata          c_w.l(_printf_hex_int_ll_ptr.o)
    0x08006678   0x08006678   0x00000026   Data   RO         4405    .constdata          c_w.l(_printf_fp_hex.o)
    0x0800669e   0x0800669e   0x00000002   PAD
    0x080066a0   0x080066a0   0x00000094   Data   RO         4425    .constdata          c_w.l(bigflt0.o)
    0x08006734   0x08006734   0x0000008f   Data   RO           44    .conststring        main.o
    0x080067c3   0x080067c3   0x00000001   PAD
    0x080067c4   0x080067c4   0x00000020   Data   RO         4596    Region$$Table       anon$$obj.o
    0x080067e4   0x080067e4   0x0000001c   Data   RO         4449    locale$$data        c_w.l(lc_numeric_c.o)
    0x08006800   0x08006800   0x00000110   Data   RO         4469    locale$$data        c_w.l(lc_ctype_c.o)


    Execution Region RW_IRAM1 (Exec base: 0x20000000, Load base: 0x08006910, Size: 0x00005938, Max: 0x0000c000, ABSOLUTE)

    Exec Addr    Load Addr    Size         Type   Attr      Idx    E Section Name        Object

    0x20000000   0x08006910   0x00000010   Data   RW           45    .data               main.o
    0x20000010   0x08006920   0x0000000c   Data   RW          882    .data               stm32f1xx_hal.o
    0x2000001c   0x0800692c   0x00000004   Data   RW         4192    .data               system_stm32f1xx.o
    0x20000020        -       0x000051a8   Zero   RW           39    .bss                main.o
    0x200051c8        -       0x00000044   Zero   RW           40    .bss                main.o
    0x2000520c        -       0x00000044   Zero   RW           41    .bss                main.o
    0x20005250        -       0x00000044   Zero   RW           42    .bss                main.o
    0x20005294        -       0x00000044   Zero   RW           43    .bss                main.o
    0x200052d8        -       0x00000060   Zero   RW         4465    .bss                c_w.l(libspace.o)
    0x20005338        -       0x00000200   Zero   RW            2    HEAP                startup_stm32f103xe.o
    0x20005538        -       0x00000400   Zero   RW            1    STACK               startup_stm32f103xe.o


==============================================================================

Image component sizes


      Code (inc. data)   RO Data    RW Data    ZI Data      Debug   Object Name

      4010       1046        143         16      21176     542304   main.o
        64         26        304          0       1536        784   startup_stm32f103xe.o
       164         28          0         12          0       6305   stm32f1xx_hal.o
       630         28          0          0          0       3248   stm32f1xx_hal_adc.o
       198         14          0          0          0      28779   stm32f1xx_hal_cortex.o
      1236         52          0          0          0       4938   stm32f1xx_hal_dma.o
       538         48          0          0          0       3391   stm32f1xx_hal_gpio.o
       392         16          0          0          0       3047   stm32f1xx_hal_i2c.o
      1256        136          0          0          0       5538   stm32f1xx_hal_msp.o
        12          4          0          0          0        487   stm32f1xx_hal_pwr.o
      1302        108          0          0          0       6507   stm32f1xx_hal_rcc.o
       448         44          0          0          0       2489   stm32f1xx_hal_rcc_ex.o
      1412         14          0          0          0      12268   stm32f1xx_hal_rtc.o
        66          0          0          0          0       1993   stm32f1xx_hal_rtc_ex.o
      1672          4          0          0          0       7934   stm32f1xx_hal_spi.o
       918         20          0          0          0       9157   stm32f1xx_hal_tim.o
       128         20          0          0          0       2265   stm32f1xx_hal_tim_ex.o
      1616         24          0          0          0      12734   stm32f1xx_hal_uart.o
       140         54          0          0          0       7787   stm32f1xx_it.o
         2          0         24          4          0       1035   system_stm32f1xx.o

    ----------------------------------------------------------------------
     16230       1686        504         32      22712     662990   Object Totals
         0          0         32          0          0          0   (incl. Generated)
        26          0          1          0          0          0   (incl. Padding)

    ----------------------------------------------------------------------

      Code (inc. data)   RO Data    RW Data    ZI Data      Debug   Library Member Name

        56          6          0          0          0         88   __2snprintf.o
         8          0          0          0          0         68   __main.o
       392          4         17          0          0         92   __printf_flags_ss_wp.o
        14          0          0          0          0         68   __printf_wp.o
         0          0          0          0          0          0   __rtentry.o
        12          0          0          0          0          0   __rtentry2.o
         6          0          0          0          0          0   __rtentry4.o
        52          8          0          0          0          0   __scatter.o
        26          0          0          0          0          0   __scatter_copy.o
        28          0          0          0          0          0   __scatter_zi.o
         6          0          0          0          0          0   _printf_a.o
         6          0          0          0          0          0   _printf_c.o
        44          0          0          0          0        108   _printf_char.o
        48          6          0          0          0         96   _printf_char_common.o
        40          0          0          0          0         68   _printf_charcount.o
         6          0          0          0          0          0   _printf_d.o
       120         16          0          0          0         92   _printf_dec.o
         6          0          0          0          0          0   _printf_e.o
         6          0          0          0          0          0   _printf_f.o
      1050          0          0          0          0        216   _printf_fp_dec.o
       764         10         38          0          0        100   _printf_fp_hex.o
       128         16          0          0          0         84   _printf_fp_infnan.o
         6          0          0          0          0          0   _printf_g.o
       148          4         40          0          0        160   _printf_hex_int_ll_ptr.o
         6          0          0          0          0          0   _printf_i.o
       178          0          0          0          0         88   _printf_intcommon.o
        10          0          0          0          0          0   _printf_l.o
         6          0          0          0          0          0   _printf_lc.o
        10          0          0          0          0          0   _printf_ll.o
         6          0          0          0          0          0   _printf_lld.o
         6          0          0          0          0          0   _printf_lli.o
         6          0          0          0          0          0   _printf_llo.o
         6          0          0          0          0          0   _printf_llu.o
         6          0          0          0          0          0   _printf_llx.o
       124         16          0          0          0         92   _printf_longlong_dec.o
         6          0          0          0          0          0   _printf_ls.o
         6          0          0          0          0          0   _printf_n.o
         6          0          0          0          0          0   _printf_o.o
       112          8          0          0          0        124   _printf_oct_int_ll.o
         6          0          0          0          0          0   _printf_p.o
        78          0          0          0          0        108   _printf_pad.o
         0          0          0          0          0          0   _printf_percent.o
         4          0          0          0          0          0   _printf_percent_end.o
         6          0          0          0          0          0   _printf_s.o
        82          0          0          0          0         80   _printf_str.o
        36          0          0          0          0         84   _printf_truncate.o
         6          0          0          0          0          0   _printf_u.o
        44          0          0          0          0        108   _printf_wchar.o
       188          6          8          0          0         92   _printf_wctomb.o
         6          0          0          0          0          0   _printf_x.o
        16          0          0          0          0         68   _snputc.o
        10          0          0          0          0         68   _sputc.o
        64          0          0          0          0         92   _wcrtomb.o
       220          4        148          0          0         96   bigflt0.o
      1910        128          0          0          0        672   btod.o
        18          0          0          0          0         80   exit.o
         6          0          0          0          0        152   heapauxi.o
         0          0          0          0          0          0   indicate_semi.o
        44         10        272          0          0         76   lc_ctype_c.o
        44         10         28          0          0         76   lc_numeric_c.o
         2          0          0          0          0          0   libinit.o
        30          0          0          0          0          0   libinit2.o
         2          0          0          0          0          0   libshutdown.o
         2          0          0          0          0          0   libshutdown2.o
         8          4          0          0         96         68   libspace.o
       138          0          0          0          0         80   lludiv10.o
        16          4          0          0          0         76   rt_ctype_table.o
         8          4          0          0          0         68   rt_locale_intlibspace.o
        78          0          0          0          0         80   rt_memclr_w.o
       138          0          0          0          0         68   rt_memcpy_v6.o
       100          0          0          0          0         80   rt_memcpy_w.o
         2          0          0          0          0          0   rtexit.o
        10          0          0          0          0          0   rtexit2.o
       128          0          0          0          0         68   strcmpv7m.o
        62          0          0          0          0         76   strlen.o
        22          0          0          0          0         68   strrchr.o
        12          4          0          0          0         68   sys_exit.o
        74          0          0          0          0         80   sys_stackheap_outer.o
         2          0          0          0          0         68   use_no_semi.o
        52          4          0          0          0         80   vsnprintf.o
        98          4          0          0          0         92   d2f.o
       826         16          0          0          0        348   daddsub_clz.o
       688        140          0          0          0        208   ddiv.o
        46          0          0          0          0         68   dflt_clz.o
       340         12          0          0          0        104   dmul.o
       156          4          0          0          0         92   dnaninf.o
        12          0          0          0          0         68   dretinf.o
        86          4          0          0          0         84   f2d.o
       140          4          0          0          0         84   fnaninf.o
        10          0          0          0          0         68   fretinf.o
         4          0          0          0          0         68   printf1.o
         4          0          0          0          0         68   printf2.o
         0          0          0          0          0          0   usenofp.o
        40          0          0          0          0         68   fpclassify.o

    ----------------------------------------------------------------------
      9606        456        556          0         96       5844   Library Totals
        16          0          5          0          0          0   (incl. Padding)

    ----------------------------------------------------------------------

      Code (inc. data)   RO Data    RW Data    ZI Data      Debug   Library Name

      7140        272        551          0         96       4424   c_w.l
      2410        184          0          0          0       1352   fz_ws.l
        40          0          0          0          0         68   m_ws.l

    ----------------------------------------------------------------------
      9606        456        556          0         96       5844   Library Totals

    ----------------------------------------------------------------------

==============================================================================


      Code (inc. data)   RO Data    RW Data    ZI Data      Debug   

     25836       2142       1060         32      22808     658378   Grand Totals
     25836       2142       1060         32      22808     658378   ELF Image Totals
     25836       2142       1060         32          0          0   ROM Totals

==============================================================================

    Total RO  Size (Code + RO Data)                26896 (  26.27kB)
    Total RW  Size (RW Data + ZI Data)             22840 (  22.30kB)
    Total ROM Size (Code + RO Data + RW Data)      26928 (  26.30kB)

==============================================================================

