../Core/Src/main.c:123:5:main	64	static
../Core/Src/main.c:210:6:SystemClock_Config	128	static
../Core/Src/main.c:278:13:MX_SPI2_Init	8	static
../Core/Src/main.c:326:13:MX_USART1_UART_Init	8	static
../Core/Src/main.c:374:13:MX_USART2_UART_Init	8	static
../Core/Src/main.c:420:13:MX_DMA_Init	16	static
../Core/Src/main.c:453:13:MX_GPIO_Init	48	static
../Core/Src/main.c:486:7:adxl355_conversion_acc_data	32	static
../Core/Src/main.c:510:6:HAL_GPIO_EXTI_Callback	16	static
../Core/Src/main.c:519:10:adler32	32	static
../Core/Src/main.c:537:5:unpackage_xl355_raw_data	64	static
../Core/Src/main.c:592:7:my_basename	24	static
../Core/Src/main.c:648:5:log_binary	284	static
../Core/Src/main.c:687:5:log_print	8	static
../Core/Src/main.c:706:6:Error_Handler	4	static,ignoring_inline_asm
