../Core/Src/main.c:119:5:main	64	static
../Core/Src/main.c:204:6:SystemClock_Config	120	static
../Core/Src/main.c:267:13:MX_SPI2_Init	8	static
../Core/Src/main.c:315:13:MX_USART1_UART_Init	8	static
../Core/Src/main.c:361:13:MX_DMA_Init	16	static
../Core/Src/main.c:388:13:MX_GPIO_Init	48	static
../Core/Src/main.c:421:7:adxl355_conversion_acc_data	32	static
../Core/Src/main.c:445:6:HAL_GPIO_EXTI_Callback	16	static
../Core/Src/main.c:454:10:adler32	32	static
../Core/Src/main.c:472:5:unpackage_xl355_raw_data	64	static
../Core/Src/main.c:527:7:my_basename	24	static
../Core/Src/main.c:583:5:log_binary	284	static
../Core/Src/main.c:622:5:log_print	8	static
../Core/Src/main.c:641:6:Error_Handler	4	static,ignoring_inline_asm
